⚠ [2554/2957] Replayed Hurst.EstimationToTesting
warning: Hurst/EstimationToTesting.lean:86:8: automatically included section variable(s) unused in theorem `_private.Hurst.EstimationToTesting.0.Hurst.exists_measurable_nearestPoint`:
  mΘ
consider restructuring your `variable` declarations so that the variables are not in scope or explicitly omit them:
  omit mΘ in theorem ...

Note: This linter can be disabled with `set_option linter.unusedSectionVars false`
⚠ [2948/3372] Replayed Hurst.KLMixture
warning: Hurst/KLMixture.lean:125:8: `MeasureTheory.lintegral_finset_sum` has been deprecated: Use `MeasureTheory.lintegral_finsetSum` instead
warning: Hurst/KLMixture.lean:126:8: `MeasureTheory.lintegral_finset_sum` has been deprecated: Use `MeasureTheory.lintegral_finsetSum` instead
⚠ [2949/3372] Replayed Hurst.MutualInformation
warning: Hurst/MutualInformation.lean:230:8: `MeasureTheory.lintegral_finset_sum` has been deprecated: Use `MeasureTheory.lintegral_finsetSum` instead
⚠ [2950/3372] Replayed Hurst.FanoLowerBound
warning: Hurst/FanoLowerBound.lean:215:7: `MeasureTheory.integrable_finset_sum` has been deprecated: Use `MeasureTheory.integrable_finsetSum` instead
warning: Hurst/FanoLowerBound.lean:219:26: `MeasureTheory.integral_finset_sum` has been deprecated: Use `MeasureTheory.integral_finsetSum` instead
warning: Hurst/FanoLowerBound.lean:502:11: `MeasureTheory.lintegral_finset_sum` has been deprecated: Use `MeasureTheory.lintegral_finsetSum` instead
warning: Hurst/FanoLowerBound.lean:554:18: Variable name `hq` is not explicitly referenced.

The binding can be removed (if unused) or named `_` (if used implicitly).

Note: This linter can be disabled with `set_option linter.unusedVariables false`
warning: Hurst/FanoLowerBound.lean:772:8: `mul_le_mul_left'` has been deprecated: Use `mul_le_mul_right` instead
⚠ [3116/3372] Replayed Hurst.GaussianKLMulti
warning: Hurst/GaussianKLMulti.lean:275:10: `ContinuousLinearMap.mul_apply` has been deprecated: Use `mul_apply_eq_comp` instead

Note: The updated constant is in a different namespace. Dot notation may need to be changed (e.g., from `x.mul_apply` to `mul_apply_eq_comp x`).
warning: Hurst/GaussianKLMulti.lean:275:67: `ContinuousLinearMap.one_apply` has been deprecated: Use `one_apply_eq_self` instead

Note: The updated constant is in a different namespace. Dot notation may need to be changed (e.g., from `x.one_apply` to `one_apply_eq_self x`).
warning: Hurst/GaussianKLMulti.lean:289:10: `ContinuousLinearMap.mul_apply` has been deprecated: Use `mul_apply_eq_comp` instead

Note: The updated constant is in a different namespace. Dot notation may need to be changed (e.g., from `x.mul_apply` to `mul_apply_eq_comp x`).
warning: Hurst/GaussianKLMulti.lean:289:67: `ContinuousLinearMap.one_apply` has been deprecated: Use `one_apply_eq_self` instead

Note: The updated constant is in a different namespace. Dot notation may need to be changed (e.g., from `x.one_apply` to `one_apply_eq_self x`).
⚠ [3648/3650] Replayed Hurst.Rates
warning: Hurst/Rates.lean:52:39: Variable name `hL` is not explicitly referenced.

The binding can be removed (if unused) or named `_` (if used implicitly).

Note: This linter can be disabled with `set_option linter.unusedVariables false`
⚠ [3649/3650] Built Hurst.GaussianKLBound (15s)
warning: Hurst/GaussianKLBound.lean:82:96: Used `tac1 <;> tac2` where `(tac1; tac2)` would suffice

Note: This linter can be disabled with `set_option linter.unnecessarySeqFocus false`
warning: Hurst/GaussianKLBound.lean:83:12: Used `tac1 <;> tac2` where `(tac1; tac2)` would suffice

Note: This linter can be disabled with `set_option linter.unnecessarySeqFocus false`
✔ [3650/3650] Built Hurst.GaussianFano (10s)
Build completed successfully (3650 jobs).
