⚠ [3099/3284] Replayed Hurst.GaussianKLMulti
warning: Hurst/GaussianKLMulti.lean:275:10: `ContinuousLinearMap.mul_apply` has been deprecated: Use `mul_apply_eq_comp` instead

Note: The updated constant is in a different namespace. Dot notation may need to be changed (e.g., from `x.mul_apply` to `mul_apply_eq_comp x`).
warning: Hurst/GaussianKLMulti.lean:275:67: `ContinuousLinearMap.one_apply` has been deprecated: Use `one_apply_eq_self` instead

Note: The updated constant is in a different namespace. Dot notation may need to be changed (e.g., from `x.one_apply` to `one_apply_eq_self x`).
warning: Hurst/GaussianKLMulti.lean:289:10: `ContinuousLinearMap.mul_apply` has been deprecated: Use `mul_apply_eq_comp` instead

Note: The updated constant is in a different namespace. Dot notation may need to be changed (e.g., from `x.mul_apply` to `mul_apply_eq_comp x`).
warning: Hurst/GaussianKLMulti.lean:289:67: `ContinuousLinearMap.one_apply` has been deprecated: Use `one_apply_eq_self` instead

Note: The updated constant is in a different namespace. Dot notation may need to be changed (e.g., from `x.one_apply` to `one_apply_eq_self x`).
⚠ [3636/3649] Replayed Hurst.KLMixture
warning: Hurst/KLMixture.lean:125:8: `MeasureTheory.lintegral_finset_sum` has been deprecated: Use `MeasureTheory.lintegral_finsetSum` instead
warning: Hurst/KLMixture.lean:126:8: `MeasureTheory.lintegral_finset_sum` has been deprecated: Use `MeasureTheory.lintegral_finsetSum` instead
⚠ [3643/3649] Replayed Hurst.Rates
warning: Hurst/Rates.lean:52:39: Variable name `hL` is not explicitly referenced.

The binding can be removed (if unused) or named `_` (if used implicitly).

Note: This linter can be disabled with `set_option linter.unusedVariables false`
⚠ [3646/3649] Replayed Hurst.MutualInformation
warning: Hurst/MutualInformation.lean:230:8: `MeasureTheory.lintegral_finset_sum` has been deprecated: Use `MeasureTheory.lintegral_finsetSum` instead
✖ [3647/3649] Building Hurst.GaussianKLBound (18s)
trace: .> LEAN_PATH=/Users/jinqishen/repo/lean_verification/hurst_function_estimation/.lake/packages/Cli/.lake/build/lib/lean:/Users/jinqishen/repo/lean_verification/hurst_function_estimation/.lake/packages/batteries/.lake/build/lib/lean:/Users/jinqishen/repo/lean_verification/hurst_function_estimation/.lake/packages/Qq/.lake/build/lib/lean:/Users/jinqishen/repo/lean_verification/hurst_function_estimation/.lake/packages/aesop/.lake/build/lib/lean:/Users/jinqishen/repo/lean_verification/hurst_function_estimation/.lake/packages/proofwidgets/.lake/build/lib/lean:/Users/jinqishen/repo/lean_verification/hurst_function_estimation/.lake/packages/importGraph/.lake/build/lib/lean:/Users/jinqishen/repo/lean_verification/hurst_function_estimation/.lake/packages/LeanSearchClient/.lake/build/lib/lean:/Users/jinqishen/repo/lean_verification/hurst_function_estimation/.lake/packages/plausible/.lake/build/lib/lean:/Users/jinqishen/repo/lean_verification/hurst_function_estimation/.lake/packages/mathlib/.lake/build/lib/lean:/Users/jinqishen/repo/lean_verification/hurst_function_estimation/.lake/build/lib/lean /Users/jinqishen/.elan/toolchains/leanprover--lean4---v4.31.0/bin/lean /Users/jinqishen/repo/lean_verification/hurst_function_estimation/Hurst/GaussianKLBound.lean -o /Users/jinqishen/repo/lean_verification/hurst_function_estimation/.lake/build/lib/lean/Hurst/GaussianKLBound.olean -i /Users/jinqishen/repo/lean_verification/hurst_function_estimation/.lake/build/lib/lean/Hurst/GaussianKLBound.ilean -c /Users/jinqishen/repo/lean_verification/hurst_function_estimation/.lake/build/ir/Hurst/GaussianKLBound.c --setup /Users/jinqishen/repo/lean_verification/hurst_function_estimation/.lake/build/ir/Hurst/GaussianKLBound.setup.json --json
warning: Hurst/GaussianKLBound.lean:82:96: Used `tac1 <;> tac2` where `(tac1; tac2)` would suffice

Note: This linter can be disabled with `set_option linter.unnecessarySeqFocus false`
warning: Hurst/GaussianKLBound.lean:83:12: Used `tac1 <;> tac2` where `(tac1; tac2)` would suffice

Note: This linter can be disabled with `set_option linter.unnecessarySeqFocus false`
error: Hurst/GaussianKLBound.lean:93:8: Tactic `rewrite` failed: Did not find an occurrence of the pattern
  ((Unitary.conjStarAlgAut ?m.117 ?m.118) (star ?u)) ?x
in the target expression
  (star ↑hA.eigenvectorUnitary * B * star (star ↑hA.eigenvectorUnitary)).trace = B.trace

d : ℕ
A : Matrix (Fin d) (Fin d) ℝ
hA : A.IsHermitian
e : Matrix (Fin d) (Fin d) ℝ ≃⋆ₐ[ℝ] Matrix (Fin d) (Fin d) ℝ :=
  (Unitary.conjStarAlgAut ℝ (Matrix (Fin d) (Fin d) ℝ)) (star hA.eigenvectorUnitary)
B : Matrix (Fin d) (Fin d) ℝ
⊢ (star ↑hA.eigenvectorUnitary * B * star (star ↑hA.eigenvectorUnitary)).trace = B.trace
error: Hurst/GaussianKLBound.lean:97:8: Tactic `rewrite` failed: Did not find an occurrence of the pattern
  ?f (?a - ?b)
in the target expression
  star ↑hA.eigenvectorUnitary * (A - 1) * star (star ↑hA.eigenvectorUnitary) = diagonal fun i => hA.eigenvalues i - 1

d : ℕ
A : Matrix (Fin d) (Fin d) ℝ
hA : A.IsHermitian
e : Matrix (Fin d) (Fin d) ℝ ≃⋆ₐ[ℝ] Matrix (Fin d) (Fin d) ℝ :=
  (Unitary.conjStarAlgAut ℝ (Matrix (Fin d) (Fin d) ℝ)) (star hA.eigenvectorUnitary)
ht : ∀ (B : Matrix (Fin d) (Fin d) ℝ), (e B).trace = B.trace
⊢ star ↑hA.eigenvectorUnitary * (A - 1) * star (star ↑hA.eigenvectorUnitary) = diagonal fun i => hA.eigenvalues i - 1
error: Hurst/GaussianKLBound.lean:110:6: Type mismatch: After simplification, term
  symmetric_trace_square (A - 1) hs
 has type
  @Eq ℝ (∑ i, ∑ j, (A - 1) i j * (A - 1) j i) (∑ i, ∑ j, (A - 1) i j ^ 2)
but is expected to have type
  @Eq ℝ (∑ i, ((A - 1) * (A - 1)).diag i) (∑ i, ∑ j, (A - 1) i j ^ 2)
error: Lean exited with code 1
⚠ [3648/3649] Built Hurst.EstimationToTesting (19s)
warning: Hurst/EstimationToTesting.lean:86:8: automatically included section variable(s) unused in theorem `_private.Hurst.EstimationToTesting.0.Hurst.exists_measurable_nearestPoint`:
  mΘ
consider restructuring your `variable` declarations so that the variables are not in scope or explicitly omit them:
  omit mΘ in theorem ...

Note: This linter can be disabled with `set_option linter.unusedSectionVars false`
⚠ [3649/3649] Built Hurst.FanoLowerBound (5.2s)
warning: Hurst/FanoLowerBound.lean:215:7: `MeasureTheory.integrable_finset_sum` has been deprecated: Use `MeasureTheory.integrable_finsetSum` instead
warning: Hurst/FanoLowerBound.lean:219:26: `MeasureTheory.integral_finset_sum` has been deprecated: Use `MeasureTheory.integral_finsetSum` instead
warning: Hurst/FanoLowerBound.lean:502:11: `MeasureTheory.lintegral_finset_sum` has been deprecated: Use `MeasureTheory.lintegral_finsetSum` instead
warning: Hurst/FanoLowerBound.lean:554:18: Variable name `hq` is not explicitly referenced.

The binding can be removed (if unused) or named `_` (if used implicitly).

Note: This linter can be disabled with `set_option linter.unusedVariables false`
warning: Hurst/FanoLowerBound.lean:772:8: `mul_le_mul_left'` has been deprecated: Use `mul_le_mul_right` instead
Some required targets logged failures:
- Hurst.GaussianKLBound
error: build failed
