Hurst/UnweightedRieszOperator.lean:488:11: error(lean.unknownIdentifier): Unknown constant `MeasureTheory.Measure.measure_mono_null`
Hurst/UnweightedRieszOperator.lean:489:10: error: No goals to be solved
Hurst/UnweightedRieszOperator.lean:505:8: error: Application type mismatch: The argument
  AEStronglyMeasurable.aemeasurable
    (Continuous.comp_aestronglyMeasurable continuous_abs (AEStronglyMeasurable.mul hF2 hF1))
has type
  AEMeasurable (fun x => |((fun q => ↑↑f q.1.2) * fun q => ↑↑f q.1.1) x|) (vol2.prod (volume.restrict (Ioi 0)))
but is expected to have type
  AEMeasurable (fun q => |↑↑f q.1.2| * |↑↑f q.1.1|) (vol2.prod (volume.restrict (Ioi 0)))
in the application
  Measurable.comp_aemeasurable (Continuous.measurable ENNReal.continuous_ofReal)
    (AEStronglyMeasurable.aemeasurable
      (Continuous.comp_aestronglyMeasurable continuous_abs (AEStronglyMeasurable.mul hF2 hF1)))
Hurst/UnweightedRieszOperator.lean:511:6: error: Tactic `rewrite` failed: Did not find an occurrence of the pattern
  ∫⁻ (z : (ℝ × ℝ) × ℝ),
    ENNReal.ofReal (z.2 ^ (psi - 1) * rexp (-(z.2 * |z.1.1 - z.1.2|))) ∂vol2.prod (volume.restrict (Ioi 0))
in the target expression
  ∫⁻ (a : (ℝ × ℝ) × ℝ),
      ENNReal.ofReal (a.2 ^ (psi - 1) * rexp (-(a.2 * |a.1.1 - a.1.2|))) *
        ENNReal.ofReal (|↑↑f a.1.2| * |↑↑f a.1.1|) ∂vol2.prod (volume.restrict (Ioi 0)) <
    ⊤

psi : ℝ
hpsi0 : 0 < psi
hpsi2 : 2 * psi < 1
f : L2
G : (ℝ × ℝ) × ℝ → ℝ := fun q => q.2 ^ (psi - 1) * (rexp (-(q.2 * |q.1.1 - q.1.2|)) * ↑↑f q.1.2 * ↑↑f q.1.1)
hGdef : G = fun q => q.2 ^ (psi - 1) * (rexp (-(q.2 * |q.1.1 - q.1.2|)) * ↑↑f q.1.2 * ↑↑f q.1.1)
hcontA : ContinuousOn (fun s => s ^ (psi - 1)) (Ioi 0)
hA2 : AEStronglyMeasurable (fun q => q.2 ^ (psi - 1)) (vol2.prod (volume.restrict (Ioi 0)))
hE : AEStronglyMeasurable (fun q => rexp (-(q.2 * |q.1.1 - q.1.2|))) (vol2.prod (volume.restrict (Ioi 0)))
hF2 : AEStronglyMeasurable (fun q => ↑↑f q.1.2) (vol2.prod (volume.restrict (Ioi 0)))
hF1 : AEStronglyMeasurable (fun q => ↑↑f q.1.1) (vol2.prod (volume.restrict (Ioi 0)))
hGae :
  AEStronglyMeasurable (fun q => q.2 ^ (psi - 1) * (rexp (-(q.2 * |q.1.1 - q.1.2|)) * ↑↑f q.1.2 * ↑↑f q.1.1))
    (vol2.prod (volume.restrict (Ioi 0)))
hnull : (vol2.prod (volume.restrict (Ioi 0))) {q | ¬0 < q.2} = 0
hpos_ae : ∀ᵐ (q : (ℝ × ℝ) × ℝ) ∂vol2.prod (volume.restrict (Ioi 0)), 0 < q.2
hae :
  ∀ᵐ (q : (ℝ × ℝ) × ℝ) ∂vol2.prod (volume.restrict (Ioi 0)),
    ‖G q‖ₑ =
      ENNReal.ofReal (q.2 ^ (psi - 1) * rexp (-(q.2 * |q.1.1 - q.1.2|))) * ENNReal.ofReal (|↑↑f q.1.2| * |↑↑f q.1.1|)
hPair : AEMeasurable (fun q => ENNReal.ofReal (|↑↑f q.1.2| * |↑↑f q.1.1|)) (vol2.prod (volume.restrict (Ioi 0)))
hAB :
  AEMeasurable (fun q => ENNReal.ofReal (q.2 ^ (psi - 1) * rexp (-(q.2 * |q.1.1 - q.1.2|))))
    (vol2.prod (volume.restrict (Ioi 0)))
⊢ ∫⁻ (a : (ℝ × ℝ) × ℝ),
      ENNReal.ofReal (a.2 ^ (psi - 1) * rexp (-(a.2 * |a.1.1 - a.1.2|))) *
        ENNReal.ofReal (|↑↑f a.1.2| * |↑↑f a.1.1|) ∂vol2.prod (volume.restrict (Ioi 0)) <
    ⊤
Hurst/UnweightedRieszOperator.lean:687:18: error: don't know how to synthesize implicit argument `β`
  @Summable ℝ ?m.510 Real.instAddCommMonoid PseudoMetricSpace.toUniformSpace.toTopologicalSpace (fun i => 0)
    (SummationFilter.unconditional ?m.510)
context:
psi c : ℝ
hpsi0 : 0 < psi
hpsi2 : 2 * psi < 1
hc : 0 ≤ c
ι : Type
v : ι → L2
κ : ι → ℝ
hv : Orthonormal ℝ v
he : ∀ (i : ι), ↑(TOp (unweightedRieszKernel psi c) ⋯) (v i) = κ i • v i
hcomp : (span ℝ (range v))ᗮ = ⊥
h2 : hsNorm (unweightedRieszKernel psi c) ^ 2 = ∑' (i : ι), κ i ^ 2
h0 : hsNorm (unweightedRieszKernel psi c) = 0
hκ0 : ∀ (i : ι), κ i = 0
hz : ∀ (i : ι), κ i ^ 2 = 0
⊢ Type ?u.174
Hurst/UnweightedRieszOperator.lean:687:31: error(lean.inferBinderTypeFailed): Failed to infer type of binder `i`
exit=1
