⚠ [3610/3630] Replayed Hurst.GaussianPolynomial
warning: Hurst/GaussianPolynomial.lean:16:78: This simp argument is unused:
  mul_add

Hint: Omit it from the simp argument list.
  simp [̵P̵i̵.̵a̵d̵d̵_̵a̵p̵p̵l̵y̵,̵m̵u̵l̵_̵a̵d̵d̵,̵a̵d̵d̵_̵m̵u̵l̵]̵[̲P̲i̲.̲a̲d̲d̲_̲a̲p̲p̲l̲y̲,̲ ̲a̲d̲d̲_̲m̲u̲l̲]̲

Note: This linter can be disabled with `set_option linter.unusedSimpArgs false`
⚠ [3613/3630] Replayed Hurst.GaussianHermite
warning: Hurst/GaussianHermite.lean:36:63: Used `tac1 <;> tac2` where `(tac1; tac2)` would suffice

Note: This linter can be disabled with `set_option linter.unnecessarySeqFocus false`
⚠ [3615/3630] Replayed Hurst.GaussianCompleteness
warning: Hurst/GaussianCompleteness.lean:13:74: Used `tac1 <;> tac2` where `(tac1; tac2)` would suffice

Note: This linter can be disabled with `set_option linter.unnecessarySeqFocus false`
⚠ [3630/3630] Built Hurst.GaussianLogStein (11s)
warning: Hurst/GaussianLogStein.lean:37:40: 'funext y' tactic does nothing

Note: This linter can be disabled with `set_option linter.unusedTactic false`
warning: Hurst/GaussianLogStein.lean:37:50: 'rfl' tactic does nothing

Note: This linter can be disabled with `set_option linter.unusedTactic false`
warning: Hurst/GaussianLogStein.lean:37:50: this tactic is never executed

Note: This linter can be disabled with `set_option linter.unreachableTactic false`
info: Hurst/GaussianLogStein.lean:57:4: Try this:
  [apply] ring_nf
  
  The `ring` tactic failed to close the goal. Use `ring_nf` to obtain a normal form.
    
  Note that `ring` works primarily in *commutative* rings. If you have a noncommutative ring, abelian group or module, consider using `noncomm_ring`, `abel` or `module` instead.
warning: Hurst/GaussianLogStein.lean:65:39: '(funext x; rfl)' tactic does nothing

Note: This linter can be disabled with `set_option linter.unusedTactic false`
warning: Hurst/GaussianLogStein.lean:65:39: this tactic is never executed

Note: This linter can be disabled with `set_option linter.unreachableTactic false`
warning: Hurst/GaussianLogStein.lean:63:23: Used `tac1 <;> tac2` where `(tac1; tac2)` would suffice

Note: This linter can be disabled with `set_option linter.unnecessarySeqFocus false`
warning: Hurst/GaussianLogStein.lean:65:21: Used `tac1 <;> tac2` where `(tac1; tac2)` would suffice

Note: This linter can be disabled with `set_option linter.unnecessarySeqFocus false`
Build completed successfully (3630 jobs).
