⚠ [3612/3638] Replayed Hurst.GaussianPolynomial
warning: Hurst/GaussianPolynomial.lean:16:78: This simp argument is unused:
  mul_add

Hint: Omit it from the simp argument list.
  simp [̵P̵i̵.̵a̵d̵d̵_̵a̵p̵p̵l̵y̵,̵m̵u̵l̵_̵a̵d̵d̵,̵a̵d̵d̵_̵m̵u̵l̵]̵[̲P̲i̲.̲a̲d̲d̲_̲a̲p̲p̲l̲y̲,̲ ̲a̲d̲d̲_̲m̲u̲l̲]̲

Note: This linter can be disabled with `set_option linter.unusedSimpArgs false`
⚠ [3615/3638] Replayed Hurst.GaussianHermite
warning: Hurst/GaussianHermite.lean:36:63: Used `tac1 <;> tac2` where `(tac1; tac2)` would suffice

Note: This linter can be disabled with `set_option linter.unnecessarySeqFocus false`
⚠ [3616/3638] Replayed Hurst.HermiteConditional
warning: Hurst/HermiteConditional.lean:13:78: Used `tac1 <;> tac2` where `(tac1; tac2)` would suffice

Note: This linter can be disabled with `set_option linter.unnecessarySeqFocus false`
warning: Hurst/HermiteConditional.lean:45:67: Used `tac1 <;> tac2` where `(tac1; tac2)` would suffice

Note: This linter can be disabled with `set_option linter.unnecessarySeqFocus false`
⚠ [3617/3638] Replayed Hurst.GaussianPolynomialLaw
warning: Hurst/GaussianPolynomialLaw.lean:27:61: Used `tac1 <;> tac2` where `(tac1; tac2)` would suffice

Note: This linter can be disabled with `set_option linter.unnecessarySeqFocus false`
⚠ [3628/3638] Replayed Hurst.GaussianCompleteness
warning: Hurst/GaussianCompleteness.lean:13:74: Used `tac1 <;> tac2` where `(tac1; tac2)` would suffice

Note: This linter can be disabled with `set_option linter.unnecessarySeqFocus false`
⚠ [3635/3638] Replayed Hurst.HilbertDiagonal
warning: Hurst/HilbertDiagonal.lean:17:75: This simp argument is unused:
  inner_smul_right

Hint: Omit it from the simp argument list.
  simp only [̵C̵o̵n̵t̵i̵n̵u̵o̵u̵s̵L̵i̵n̵e̵a̵r̵M̵a̵p̵.̵c̵o̵m̵p̵_̵a̵p̵p̵l̵y̵,̵m̵a̵p̵_̵s̵m̵u̵l̵,̵i̵n̵n̵e̵r̵S̵L̵_̵a̵p̵p̵l̵y̵_̵a̵p̵p̵l̵y̵,̵i̵n̵n̵e̵r̵_̵s̵m̵u̵l̵_̵r̵i̵g̵h̵t̵,̵
  ̵ ̵ ̵ ̵ ̵ ̵ ̵b̵.̵r̵e̵p̵r̵_̵a̵p̵p̵l̵y̵_̵a̵p̵p̵l̵y̵,̵s̵m̵u̵l̵_̵e̵q̵_̵m̵u̵l̵]̵[̲C̲o̲n̲t̲i̲n̲u̲o̲u̲s̲L̲i̲n̲e̲a̲r̲M̲a̲p̲.̲c̲o̲m̲p̲_̲a̲p̲p̲l̲y̲,̲ ̲m̲a̲p̲_̲s̲m̲u̲l̲,̲ ̲i̲n̲n̲e̲r̲S̲L̲_̲a̲p̲p̲l̲y̲_̲a̲p̲p̲l̲y̲,̲ ̲b̲.̲r̲e̲p̲r̲_̲a̲p̲p̲l̲y̲_̲a̲p̲p̲l̲y̲,̲
  ̲ ̲ ̲ ̲ ̲ ̲ ̲s̲m̲u̲l̲_̲e̲q̲_̲m̲u̲l̲]̲

Note: This linter can be disabled with `set_option linter.unusedSimpArgs false`
warning: Hurst/HilbertDiagonal.lean:38:76: This simp argument is unused:
  inner_smul_right

Hint: Omit it from the simp argument list.
  simp only [̵C̵o̵n̵t̵i̵n̵u̵o̵u̵s̵L̵i̵n̵e̵a̵r̵M̵a̵p̵.̵c̵o̵m̵p̵_̵a̵p̵p̵l̵y̵,̵m̵a̵p̵_̵s̵m̵u̵l̵,̵i̵n̵n̵e̵r̵S̵L̵_̵a̵p̵p̵l̵y̵_̵a̵p̵p̵l̵y̵,̵i̵n̵n̵e̵r̵_̵s̵m̵u̵l̵_̵r̵i̵g̵h̵t̵,̵
  ̵ ̵ ̵ ̵ ̵ ̵ ̵ ̵s̵m̵u̵l̵_̵e̵q̵_̵m̵u̵l̵,̵b̵.̵r̵e̵p̵r̵_̵a̵p̵p̵l̵y̵_̵a̵p̵p̵l̵y̵,̵h̵i̵l̵b̵e̵r̵t̵_̵d̵i̵a̵g̵o̵n̵a̵l̵_̵i̵n̵n̵e̵r̵_̵b̵a̵s̵i̵s̵[̲C̲o̲n̲t̲i̲n̲u̲o̲u̲s̲L̲i̲n̲e̲a̲r̲M̲a̲p̲.̲c̲o̲m̲p̲_̲a̲p̲p̲l̲y̲,̲ ̲m̲a̲p̲_̲s̲m̲u̲l̲,̲ ̲i̲n̲n̲e̲r̲S̲L̲_̲a̲p̲p̲l̲y̲_̲a̲p̲p̲l̲y̲,̲ ̲s̲m̲u̲l̲_̲e̲q̲_̲m̲u̲l̲,̲
  ̲ ̲ ̲ ̲ ̲ ̲ ̲ ̲b̲.̲r̲e̲p̲r̲_̲a̲p̲p̲l̲y̲_̲a̲p̲p̲l̲y̲,̲ ̲h̲i̲l̲b̲e̲r̲t̲_̲d̲i̲a̲g̲o̲n̲a̲l̲_̲i̲n̲n̲e̲r̲_̲b̲a̲s̲i̲s̲ b L R d h]

Note: This linter can be disabled with `set_option linter.unusedSimpArgs false`
✔ [3638/3638] Built Hurst.GaussianArrayL2 (10s)
Build completed successfully (3638 jobs).
