⚠ [3076/3104] Replayed Hurst.Rates
warning: Hurst/Rates.lean:52:39: Variable name `hL` is not explicitly referenced.

The binding can be removed (if unused) or named `_` (if used implicitly).

Note: This linter can be disabled with `set_option linter.unusedVariables false`
⚠ [3477/3797] Replayed Hurst.ClippedLinearization
warning: Hurst/ClippedLinearization.lean:54:4: Used `tac1 <;> tac2` where `(tac1; tac2)` would suffice

Note: This linter can be disabled with `set_option linter.unnecessarySeqFocus false`
⚠ [3649/3797] Replayed Hurst.GaussianLinearMap
warning: Hurst/GaussianLinearMap.lean:16:2: try 'simp' instead of 'simpa'

Note: This linter can be disabled with `set_option linter.unnecessarySimpa false`
⚠ [3653/3797] Replayed Hurst.GridWhitening
warning: Hurst/GridWhitening.lean:60:2: 'change (WithLp.ofLp (Matrix.toEuclideanCLM (𝕜 := ℝ) (differenceWhiteningMatrix ℓ) x)) i = _' tactic does nothing

Note: This linter can be disabled with `set_option linter.unusedTactic false`
⚠ [3658/3797] Replayed Hurst.GaussianKLMulti
warning: Hurst/GaussianKLMulti.lean:275:10: `ContinuousLinearMap.mul_apply` has been deprecated: Use `mul_apply_eq_comp` instead

Note: The updated constant is in a different namespace. Dot notation may need to be changed (e.g., from `x.mul_apply` to `mul_apply_eq_comp x`).
warning: Hurst/GaussianKLMulti.lean:275:67: `ContinuousLinearMap.one_apply` has been deprecated: Use `one_apply_eq_self` instead

Note: The updated constant is in a different namespace. Dot notation may need to be changed (e.g., from `x.one_apply` to `one_apply_eq_self x`).
warning: Hurst/GaussianKLMulti.lean:289:10: `ContinuousLinearMap.mul_apply` has been deprecated: Use `mul_apply_eq_comp` instead

Note: The updated constant is in a different namespace. Dot notation may need to be changed (e.g., from `x.mul_apply` to `mul_apply_eq_comp x`).
warning: Hurst/GaussianKLMulti.lean:289:67: `ContinuousLinearMap.one_apply` has been deprecated: Use `one_apply_eq_self` instead

Note: The updated constant is in a different namespace. Dot notation may need to be changed (e.g., from `x.one_apply` to `one_apply_eq_self x`).
⚠ [3659/3797] Replayed Hurst.GaussianKLBound
warning: Hurst/GaussianKLBound.lean:82:96: Used `tac1 <;> tac2` where `(tac1; tac2)` would suffice

Note: This linter can be disabled with `set_option linter.unnecessarySeqFocus false`
warning: Hurst/GaussianKLBound.lean:83:12: Used `tac1 <;> tac2` where `(tac1; tac2)` would suffice

Note: This linter can be disabled with `set_option linter.unnecessarySeqFocus false`
⚠ [3683/3797] Replayed Hurst.EstimationToTesting
warning: Hurst/EstimationToTesting.lean:86:8: automatically included section variable(s) unused in theorem `_private.Hurst.EstimationToTesting.0.Hurst.exists_measurable_nearestPoint`:
  mΘ
consider restructuring your `variable` declarations so that the variables are not in scope or explicitly omit them:
  omit mΘ in theorem ...

Note: This linter can be disabled with `set_option linter.unusedSectionVars false`
⚠ [3684/3797] Replayed Hurst.KLMixture
warning: Hurst/KLMixture.lean:125:8: `MeasureTheory.lintegral_finset_sum` has been deprecated: Use `MeasureTheory.lintegral_finsetSum` instead
warning: Hurst/KLMixture.lean:126:8: `MeasureTheory.lintegral_finset_sum` has been deprecated: Use `MeasureTheory.lintegral_finsetSum` instead
⚠ [3685/3797] Replayed Hurst.MutualInformation
warning: Hurst/MutualInformation.lean:230:8: `MeasureTheory.lintegral_finset_sum` has been deprecated: Use `MeasureTheory.lintegral_finsetSum` instead
⚠ [3686/3797] Replayed Hurst.FanoLowerBound
warning: Hurst/FanoLowerBound.lean:215:7: `MeasureTheory.integrable_finset_sum` has been deprecated: Use `MeasureTheory.integrable_finsetSum` instead
warning: Hurst/FanoLowerBound.lean:219:26: `MeasureTheory.integral_finset_sum` has been deprecated: Use `MeasureTheory.integral_finsetSum` instead
warning: Hurst/FanoLowerBound.lean:502:11: `MeasureTheory.lintegral_finset_sum` has been deprecated: Use `MeasureTheory.lintegral_finsetSum` instead
warning: Hurst/FanoLowerBound.lean:554:18: Variable name `hq` is not explicitly referenced.

The binding can be removed (if unused) or named `_` (if used implicitly).

Note: This linter can be disabled with `set_option linter.unusedVariables false`
warning: Hurst/FanoLowerBound.lean:772:8: `mul_le_mul_left'` has been deprecated: Use `mul_le_mul_right` instead
ℹ [3699/3797] Replayed Hurst.UniformQuadrature
info: Hurst/UniformQuadrature.lean:60:38: Try this:
  [apply] ring_nf
  
  The `ring` tactic failed to close the goal. Use `ring_nf` to obtain a normal form.
    
  Note that `ring` works primarily in *commutative* rings. If you have a noncommutative ring, abelian group or module, consider using `noncomm_ring`, `abel` or `module` instead.
info: Hurst/UniformQuadrature.lean:60:38: Try this:
  [apply] ring_nf
  
  The `ring` tactic failed to close the goal. Use `ring_nf` to obtain a normal form.
    
  Note that `ring` works primarily in *commutative* rings. If you have a noncommutative ring, abelian group or module, consider using `noncomm_ring`, `abel` or `module` instead.
⚠ [3706/3797] Replayed Hurst.LocalTaylorLeading
warning: Hurst/LocalTaylorLeading.lean:33:4: Used `tac1 <;> tac2` where `(tac1; tac2)` would suffice

Note: This linter can be disabled with `set_option linter.unnecessarySeqFocus false`
warning: Hurst/LocalTaylorLeading.lean:44:2: Used `tac1 <;> tac2` where `(tac1; tac2)` would suffice

Note: This linter can be disabled with `set_option linter.unnecessarySeqFocus false`
⚠ [3709/3797] Replayed Hurst.InteriorDesignLimit
warning: Hurst/InteriorDesignLimit.lean:53:8: `tendsto_finset_sum` has been deprecated: Use `tendsto_finsetSum` instead
⚠ [3711/3797] Replayed Hurst.CalibratedBiasLimit
warning: Hurst/CalibratedBiasLimit.lean:45:6: 'ring' tactic does nothing

Note: This linter can be disabled with `set_option linter.unusedTactic false`
warning: Hurst/CalibratedBiasLimit.lean:45:6: this tactic is never executed

Note: This linter can be disabled with `set_option linter.unreachableTactic false`
⚠ [3713/3797] Replayed Hurst.InverseL1Limit
warning: Hurst/InverseL1Limit.lean:25:87: 'rfl' tactic does nothing

Note: This linter can be disabled with `set_option linter.unusedTactic false`
warning: Hurst/InverseL1Limit.lean:25:87: this tactic is never executed

Note: This linter can be disabled with `set_option linter.unreachableTactic false`
warning: Hurst/InverseL1Limit.lean:25:23: Used `tac1 <;> tac2` where `(tac1; tac2)` would suffice

Note: This linter can be disabled with `set_option linter.unnecessarySeqFocus false`
warning: Hurst/InverseL1Limit.lean:43:4: Used `tac1 <;> tac2` where `(tac1; tac2)` would suffice

Note: This linter can be disabled with `set_option linter.unnecessarySeqFocus false`
⚠ [3715/3797] Replayed Hurst.PowerDifferences
warning: Hurst/PowerDifferences.lean:38:39: This simp argument is unused:
  id_eq

Hint: Omit it from the simp argument list.
  simp only [powerForwardDifference, i̵d̵_̵e̵q̵,̵ ̵mul_one]

Note: This linter can be disabled with `set_option linter.unusedSimpArgs false`
⚠ [3719/3797] Replayed Hurst.FeatureSecondOrder
warning: Hurst/FeatureSecondOrder.lean:11:31: Variable name `hU` is not explicitly referenced.

The binding can be removed (if unused) or named `_` (if used implicitly).

Note: This linter can be disabled with `set_option linter.unusedVariables false`
warning: Hurst/FeatureSecondOrder.lean:11:57: Variable name `hD` is not explicitly referenced.

The binding can be removed (if unused) or named `_` (if used implicitly).

Note: This linter can be disabled with `set_option linter.unusedVariables false`
⚠ [3722/3797] Replayed Hurst.SecondCancellation
warning: Hurst/SecondCancellation.lean:10:47: Variable name `hR` is not explicitly referenced.

The binding can be removed (if unused) or named `_` (if used implicitly).

Note: This linter can be disabled with `set_option linter.unusedVariables false`
warning: Hurst/SecondCancellation.lean:10:60: Variable name `hS` is not explicitly referenced.

The binding can be removed (if unused) or named `_` (if used implicitly).

Note: This linter can be disabled with `set_option linter.unusedVariables false`
warning: Hurst/SecondCancellation.lean:35:44: Variable name `hB` is not explicitly referenced.

The binding can be removed (if unused) or named `_` (if used implicitly).

Note: This linter can be disabled with `set_option linter.unusedVariables false`
warning: Hurst/SecondCancellation.lean:35:57: Variable name `hD` is not explicitly referenced.

The binding can be removed (if unused) or named `_` (if used implicitly).

Note: This linter can be disabled with `set_option linter.unusedVariables false`
warning: Hurst/SecondCancellation.lean:35:70: Variable name `hl` is not explicitly referenced.

The binding can be removed (if unused) or named `_` (if used implicitly).

Note: This linter can be disabled with `set_option linter.unusedVariables false`
⚠ [3723/3797] Replayed Hurst.SecondIncrement
warning: Hurst/SecondIncrement.lean:36:25: Used `tac1 <;> tac2` where `(tac1; tac2)` would suffice

Note: This linter can be disabled with `set_option linter.unnecessarySeqFocus false`
warning: Hurst/SecondIncrement.lean:36:37: Used `tac1 <;> tac2` where `(tac1; tac2)` would suffice

Note: This linter can be disabled with `set_option linter.unnecessarySeqFocus false`
⚠ [3732/3797] Replayed Hurst.CorrelationSums
warning: Hurst/CorrelationSums.lean:68:67: Variable name `hA` is not explicitly referenced.

The binding can be removed (if unused) or named `_` (if used implicitly).

Note: This linter can be disabled with `set_option linter.unusedVariables false`
warning: Hurst/CorrelationSums.lean:68:80: Variable name `he` is not explicitly referenced.

The binding can be removed (if unused) or named `_` (if used implicitly).

Note: This linter can be disabled with `set_option linter.unusedVariables false`
⚠ [3733/3797] Replayed Hurst.SecondCorrelationSums
warning: Hurst/SecondCorrelationSums.lean:26:70: Variable name `hA` is not explicitly referenced.

The binding can be removed (if unused) or named `_` (if used implicitly).

Note: This linter can be disabled with `set_option linter.unusedVariables false`
warning: Hurst/SecondCorrelationSums.lean:26:83: Variable name `he` is not explicitly referenced.

The binding can be removed (if unused) or named `_` (if used implicitly).

Note: This linter can be disabled with `set_option linter.unusedVariables false`
⚠ [3735/3797] Replayed Hurst.SecondGridDecay
warning: Hurst/SecondGridDecay.lean:10:47: Variable name `hn` is not explicitly referenced.

The binding can be removed (if unused) or named `_` (if used implicitly).

Note: This linter can be disabled with `set_option linter.unusedVariables false`
⚠ [3741/3797] Replayed Hurst.GridCorrelationDecay
warning: Hurst/GridCorrelationDecay.lean:11:40: Variable name `hn` is not explicitly referenced.

The binding can be removed (if unused) or named `_` (if used implicitly).

Note: This linter can be disabled with `set_option linter.unusedVariables false`
⚠ [3747/3797] Replayed Hurst.HolderSecondIncrement
warning: Hurst/HolderSecondIncrement.lean:12:28: Variable name `hf` is not explicitly referenced.

The binding can be removed (if unused) or named `_` (if used implicitly).

Note: This linter can be disabled with `set_option linter.unusedVariables false`
⚠ [3766/3797] Replayed Hurst.ActualMeanResidual
warning: Hurst/ActualMeanResidual.lean:43:23: Used `tac1 <;> tac2` where `(tac1; tac2)` would suffice

Note: This linter can be disabled with `set_option linter.unnecessarySeqFocus false`
warning: Hurst/ActualMeanResidual.lean:43:35: Used `tac1 <;> tac2` where `(tac1; tac2)` would suffice

Note: This linter can be disabled with `set_option linter.unnecessarySeqFocus false`
warning: Hurst/ActualMeanResidual.lean:75:37: Used `tac1 <;> tac2` where `(tac1; tac2)` would suffice

Note: This linter can be disabled with `set_option linter.unnecessarySeqFocus false`
warning: Hurst/ActualMeanResidual.lean:75:49: Used `tac1 <;> tac2` where `(tac1; tac2)` would suffice

Note: This linter can be disabled with `set_option linter.unnecessarySeqFocus false`
⚠ [3767/3797] Replayed Hurst.GridBiasRemainderLimit
warning: Hurst/GridBiasRemainderLimit.lean:20:2: Used `tac1 <;> tac2` where `(tac1; tac2)` would suffice

Note: This linter can be disabled with `set_option linter.unnecessarySeqFocus false`
⚠ [3768/3797] Replayed Hurst.ActualMeanLeading
warning: Hurst/ActualMeanLeading.lean:26:24: Used `tac1 <;> tac2` where `(tac1; tac2)` would suffice

Note: This linter can be disabled with `set_option linter.unnecessarySeqFocus false`
⚠ [3770/3797] Replayed Hurst.OptimalBiasBandwidth
warning: Hurst/OptimalBiasBandwidth.lean:41:51: Used `tac1 <;> tac2` where `(tac1; tac2)` would suffice

Note: This linter can be disabled with `set_option linter.unnecessarySeqFocus false`
⚠ [3771/3797] Replayed Hurst.OptimalMeanLeading
warning: Hurst/OptimalMeanLeading.lean:27:89: Used `tac1 <;> tac2` where `(tac1; tac2)` would suffice

Note: This linter can be disabled with `set_option linter.unnecessarySeqFocus false`
⚠ [3773/3797] Replayed Hurst.FirstStrideDecay
warning: Hurst/FirstStrideDecay.lean:37:2: Used `tac1 <;> tac2` where `(tac1; tac2)` would suffice

Note: This linter can be disabled with `set_option linter.unnecessarySeqFocus false`
warning: Hurst/FirstStrideDecay.lean:74:99: Variable name `hA` is not explicitly referenced.

The binding can be removed (if unused) or named `_` (if used implicitly).

Note: This linter can be disabled with `set_option linter.unusedVariables false`
warning: Hurst/FirstStrideDecay.lean:74:112: Variable name `he` is not explicitly referenced.

The binding can be removed (if unused) or named `_` (if used implicitly).

Note: This linter can be disabled with `set_option linter.unusedVariables false`
⚠ [3778/3797] Replayed Hurst.OptimalLogVariance
warning: Hurst/OptimalLogVariance.lean:56:49: Used `tac1 <;> tac2` where `(tac1; tac2)` would suffice

Note: This linter can be disabled with `set_option linter.unnecessarySeqFocus false`
⚠ [3780/3797] Replayed Hurst.GridMSE
warning: Hurst/GridMSE.lean:33:46: Variable name `hβ` is not explicitly referenced.

The binding can be removed (if unused) or named `_` (if used implicitly).

Note: This linter can be disabled with `set_option linter.unusedVariables false`
warning: Hurst/GridMSE.lean:33:59: Variable name `hD0` is not explicitly referenced.

The binding can be removed (if unused) or named `_` (if used implicitly).

Note: This linter can be disabled with `set_option linter.unusedVariables false`
warning: Hurst/GridMSE.lean:57:106: Used `tac1 <;> tac2` where `(tac1; tac2)` would suffice

Note: This linter can be disabled with `set_option linter.unnecessarySeqFocus false`
warning: Hurst/GridMSE.lean:57:118: Used `tac1 <;> tac2` where `(tac1; tac2)` would suffice

Note: This linter can be disabled with `set_option linter.unnecessarySeqFocus false`
⚠ [3781/3797] Replayed Hurst.SecondMSE
warning: Hurst/SecondMSE.lean:34:50: Variable name `hn` is not explicitly referenced.

The binding can be removed (if unused) or named `_` (if used implicitly).

Note: This linter can be disabled with `set_option linter.unusedVariables false`
warning: Hurst/SecondMSE.lean:37:5: Variable name `hβ` is not explicitly referenced.

The binding can be removed (if unused) or named `_` (if used implicitly).

Note: This linter can be disabled with `set_option linter.unusedVariables false`
warning: Hurst/SecondMSE.lean:37:31: Variable name `hD0` is not explicitly referenced.

The binding can be removed (if unused) or named `_` (if used implicitly).

Note: This linter can be disabled with `set_option linter.unusedVariables false`
warning: Hurst/SecondMSE.lean:62:42: Used `tac1 <;> tac2` where `(tac1; tac2)` would suffice

Note: This linter can be disabled with `set_option linter.unnecessarySeqFocus false`
warning: Hurst/SecondMSE.lean:62:54: Used `tac1 <;> tac2` where `(tac1; tac2)` would suffice

Note: This linter can be disabled with `set_option linter.unnecessarySeqFocus false`
⚠ [3782/3797] Replayed Hurst.SmoothCompositeQuadratic
warning: Hurst/SmoothCompositeQuadratic.lean:13:28: Variable name `hf` is not explicitly referenced.

The binding can be removed (if unused) or named `_` (if used implicitly).

Note: This linter can be disabled with `set_option linter.unusedVariables false`
warning: Hurst/SmoothCompositeQuadratic.lean:35:45: This simp argument is unused:
  iteratedDeriv_zero

Hint: Omit it from the simp argument list.
  simp only [taylorJet, Fin.sum_univ_succ, i̵t̵e̵r̵a̵t̵e̵d̵D̵e̵r̵i̵v̵_̵z̵e̵r̵o̵,̵ ̵iteratedDeriv_one]

Note: This linter can be disabled with `set_option linter.unusedSimpArgs false`
warning: Hurst/SmoothCompositeQuadratic.lean:35:65: This simp argument is unused:
  iteratedDeriv_one

Hint: Omit it from the simp argument list.
  simp only [taylorJet, Fin.sum_univ_succ, iteratedDeriv_zero,̵ ̵i̵t̵e̵r̵a̵t̵e̵d̵D̵e̵r̵i̵v̵_̵o̵n̵e̵]

Note: This linter can be disabled with `set_option linter.unusedSimpArgs false`
warning: Hurst/SmoothCompositeQuadratic.lean:57:38: Variable name `hf` is not explicitly referenced.

The binding can be removed (if unused) or named `_` (if used implicitly).

Note: This linter can be disabled with `set_option linter.unusedVariables false`
⚠ [3785/3797] Replayed Hurst.SecondEstimatorLinearization
warning: Hurst/SecondEstimatorLinearization.lean:33:105: Used `tac1 <;> tac2` where `(tac1; tac2)` would suffice

Note: This linter can be disabled with `set_option linter.unnecessarySeqFocus false`
warning: Hurst/SecondEstimatorLinearization.lean:51:57: Used `tac1 <;> tac2` where `(tac1; tac2)` would suffice

Note: This linter can be disabled with `set_option linter.unnecessarySeqFocus false`
⚠ [3786/3797] Replayed Hurst.FirstEstimatorLinearization
warning: Hurst/FirstEstimatorLinearization.lean:34:23: Used `tac1 <;> tac2` where `(tac1; tac2)` would suffice

Note: This linter can be disabled with `set_option linter.unnecessarySeqFocus false`
⚠ [3793/3797] Replayed Hurst.ExpectedInverseLimit
info: Hurst/ExpectedInverseLimit.lean:25:78: Try this:
  [apply] ring_nf
  
  The `ring` tactic failed to close the goal. Use `ring_nf` to obtain a normal form.
    
  Note that `ring` works primarily in *commutative* rings. If you have a noncommutative ring, abelian group or module, consider using `noncomm_ring`, `abel` or `module` instead.
info: Hurst/ExpectedInverseLimit.lean:52:4: Try this:
  [apply] ring_nf
  
  The `ring` tactic failed to close the goal. Use `ring_nf` to obtain a normal form.
    
  Note that `ring` works primarily in *commutative* rings. If you have a noncommutative ring, abelian group or module, consider using `noncomm_ring`, `abel` or `module` instead.
warning: Hurst/ExpectedInverseLimit.lean:29:87: 'rfl' tactic does nothing

Note: This linter can be disabled with `set_option linter.unusedTactic false`
warning: Hurst/ExpectedInverseLimit.lean:29:87: this tactic is never executed

Note: This linter can be disabled with `set_option linter.unreachableTactic false`
warning: Hurst/ExpectedInverseLimit.lean:29:23: Used `tac1 <;> tac2` where `(tac1; tac2)` would suffice

Note: This linter can be disabled with `set_option linter.unnecessarySeqFocus false`
warning: Hurst/ExpectedInverseLimit.lean:45:4: Used `tac1 <;> tac2` where `(tac1; tac2)` would suffice

Note: This linter can be disabled with `set_option linter.unnecessarySeqFocus false`
⚠ [3794/3797] Replayed Hurst.SecondEstimatorBias
warning: Hurst/SecondEstimatorBias.lean:31:105: Used `tac1 <;> tac2` where `(tac1; tac2)` would suffice

Note: This linter can be disabled with `set_option linter.unnecessarySeqFocus false`
warning: Hurst/SecondEstimatorBias.lean:49:57: Used `tac1 <;> tac2` where `(tac1; tac2)` would suffice

Note: This linter can be disabled with `set_option linter.unnecessarySeqFocus false`
⚠ [3795/3797] Replayed Hurst.FirstEstimatorBias
warning: Hurst/FirstEstimatorBias.lean:32:23: Used `tac1 <;> tac2` where `(tac1; tac2)` would suffice

Note: This linter can be disabled with `set_option linter.unnecessarySeqFocus false`
✔ [3796/3797] Built Hurst.KnownScaleLinearization (17s)
⚠ [3797/3797] Built Hurst.ActualEstimatorProbability (17s)
warning: Hurst/ActualEstimatorProbability.lean:31:105: Used `tac1 <;> tac2` where `(tac1; tac2)` would suffice

Note: This linter can be disabled with `set_option linter.unnecessarySeqFocus false`
warning: Hurst/ActualEstimatorProbability.lean:49:57: Used `tac1 <;> tac2` where `(tac1; tac2)` would suffice

Note: This linter can be disabled with `set_option linter.unnecessarySeqFocus false`
warning: Hurst/ActualEstimatorProbability.lean:88:23: Used `tac1 <;> tac2` where `(tac1; tac2)` would suffice

Note: This linter can be disabled with `set_option linter.unnecessarySeqFocus false`
Build completed successfully (3797 jobs).
