⚠ [3636/3795] Replayed Hurst.GaussianLinearMap
warning: Hurst/GaussianLinearMap.lean:16:2: try 'simp' instead of 'simpa'

Note: This linter can be disabled with `set_option linter.unnecessarySimpa false`
⚠ [3640/3795] Replayed Hurst.GridWhitening
warning: Hurst/GridWhitening.lean:60:2: 'change (WithLp.ofLp (Matrix.toEuclideanCLM (𝕜 := ℝ) (differenceWhiteningMatrix ℓ) x)) i = _' tactic does nothing

Note: This linter can be disabled with `set_option linter.unusedTactic false`
⚠ [3645/3795] Replayed Hurst.GaussianKLMulti
warning: Hurst/GaussianKLMulti.lean:275:10: `ContinuousLinearMap.mul_apply` has been deprecated: Use `mul_apply_eq_comp` instead

Note: The updated constant is in a different namespace. Dot notation may need to be changed (e.g., from `x.mul_apply` to `mul_apply_eq_comp x`).
warning: Hurst/GaussianKLMulti.lean:275:67: `ContinuousLinearMap.one_apply` has been deprecated: Use `one_apply_eq_self` instead

Note: The updated constant is in a different namespace. Dot notation may need to be changed (e.g., from `x.one_apply` to `one_apply_eq_self x`).
warning: Hurst/GaussianKLMulti.lean:289:10: `ContinuousLinearMap.mul_apply` has been deprecated: Use `mul_apply_eq_comp` instead

Note: The updated constant is in a different namespace. Dot notation may need to be changed (e.g., from `x.mul_apply` to `mul_apply_eq_comp x`).
warning: Hurst/GaussianKLMulti.lean:289:67: `ContinuousLinearMap.one_apply` has been deprecated: Use `one_apply_eq_self` instead

Note: The updated constant is in a different namespace. Dot notation may need to be changed (e.g., from `x.one_apply` to `one_apply_eq_self x`).
⚠ [3646/3795] Replayed Hurst.Rates
warning: Hurst/Rates.lean:52:39: Variable name `hL` is not explicitly referenced.

The binding can be removed (if unused) or named `_` (if used implicitly).

Note: This linter can be disabled with `set_option linter.unusedVariables false`
⚠ [3647/3795] Replayed Hurst.GaussianKLBound
warning: Hurst/GaussianKLBound.lean:82:96: Used `tac1 <;> tac2` where `(tac1; tac2)` would suffice

Note: This linter can be disabled with `set_option linter.unnecessarySeqFocus false`
warning: Hurst/GaussianKLBound.lean:83:12: Used `tac1 <;> tac2` where `(tac1; tac2)` would suffice

Note: This linter can be disabled with `set_option linter.unnecessarySeqFocus false`
⚠ [3671/3795] Replayed Hurst.EstimationToTesting
warning: Hurst/EstimationToTesting.lean:86:8: automatically included section variable(s) unused in theorem `_private.Hurst.EstimationToTesting.0.Hurst.exists_measurable_nearestPoint`:
  mΘ
consider restructuring your `variable` declarations so that the variables are not in scope or explicitly omit them:
  omit mΘ in theorem ...

Note: This linter can be disabled with `set_option linter.unusedSectionVars false`
⚠ [3672/3795] Replayed Hurst.KLMixture
warning: Hurst/KLMixture.lean:125:8: `MeasureTheory.lintegral_finset_sum` has been deprecated: Use `MeasureTheory.lintegral_finsetSum` instead
warning: Hurst/KLMixture.lean:126:8: `MeasureTheory.lintegral_finset_sum` has been deprecated: Use `MeasureTheory.lintegral_finsetSum` instead
⚠ [3673/3795] Replayed Hurst.MutualInformation
warning: Hurst/MutualInformation.lean:230:8: `MeasureTheory.lintegral_finset_sum` has been deprecated: Use `MeasureTheory.lintegral_finsetSum` instead
⚠ [3674/3795] Replayed Hurst.FanoLowerBound
warning: Hurst/FanoLowerBound.lean:215:7: `MeasureTheory.integrable_finset_sum` has been deprecated: Use `MeasureTheory.integrable_finsetSum` instead
warning: Hurst/FanoLowerBound.lean:219:26: `MeasureTheory.integral_finset_sum` has been deprecated: Use `MeasureTheory.integral_finsetSum` instead
warning: Hurst/FanoLowerBound.lean:502:11: `MeasureTheory.lintegral_finset_sum` has been deprecated: Use `MeasureTheory.lintegral_finsetSum` instead
warning: Hurst/FanoLowerBound.lean:554:18: Variable name `hq` is not explicitly referenced.

The binding can be removed (if unused) or named `_` (if used implicitly).

Note: This linter can be disabled with `set_option linter.unusedVariables false`
warning: Hurst/FanoLowerBound.lean:772:8: `mul_le_mul_left'` has been deprecated: Use `mul_le_mul_right` instead
ℹ [3687/3795] Replayed Hurst.UniformQuadrature
info: Hurst/UniformQuadrature.lean:60:38: Try this:
  [apply] ring_nf
  
  The `ring` tactic failed to close the goal. Use `ring_nf` to obtain a normal form.
    
  Note that `ring` works primarily in *commutative* rings. If you have a noncommutative ring, abelian group or module, consider using `noncomm_ring`, `abel` or `module` instead.
info: Hurst/UniformQuadrature.lean:60:38: Try this:
  [apply] ring_nf
  
  The `ring` tactic failed to close the goal. Use `ring_nf` to obtain a normal form.
    
  Note that `ring` works primarily in *commutative* rings. If you have a noncommutative ring, abelian group or module, consider using `noncomm_ring`, `abel` or `module` instead.
⚠ [3694/3795] Replayed Hurst.LocalTaylorLeading
warning: Hurst/LocalTaylorLeading.lean:33:4: Used `tac1 <;> tac2` where `(tac1; tac2)` would suffice

Note: This linter can be disabled with `set_option linter.unnecessarySeqFocus false`
warning: Hurst/LocalTaylorLeading.lean:44:2: Used `tac1 <;> tac2` where `(tac1; tac2)` would suffice

Note: This linter can be disabled with `set_option linter.unnecessarySeqFocus false`
⚠ [3697/3795] Replayed Hurst.InteriorDesignLimit
warning: Hurst/InteriorDesignLimit.lean:53:8: `tendsto_finset_sum` has been deprecated: Use `tendsto_finsetSum` instead
⚠ [3699/3795] Replayed Hurst.CalibratedBiasLimit
warning: Hurst/CalibratedBiasLimit.lean:45:6: 'ring' tactic does nothing

Note: This linter can be disabled with `set_option linter.unusedTactic false`
warning: Hurst/CalibratedBiasLimit.lean:45:6: this tactic is never executed

Note: This linter can be disabled with `set_option linter.unreachableTactic false`
⚠ [3722/3795] Replayed Hurst.GaussianPolynomial
warning: Hurst/GaussianPolynomial.lean:16:78: This simp argument is unused:
  mul_add

Hint: Omit it from the simp argument list.
  simp [̵P̵i̵.̵a̵d̵d̵_̵a̵p̵p̵l̵y̵,̵m̵u̵l̵_̵a̵d̵d̵,̵a̵d̵d̵_̵m̵u̵l̵]̵[̲P̲i̲.̲a̲d̲d̲_̲a̲p̲p̲l̲y̲,̲ ̲a̲d̲d̲_̲m̲u̲l̲]̲

Note: This linter can be disabled with `set_option linter.unusedSimpArgs false`
⚠ [3725/3795] Replayed Hurst.GaussianHermite
warning: Hurst/GaussianHermite.lean:36:63: Used `tac1 <;> tac2` where `(tac1; tac2)` would suffice

Note: This linter can be disabled with `set_option linter.unnecessarySeqFocus false`
⚠ [3726/3795] Replayed Hurst.HermiteConditional
warning: Hurst/HermiteConditional.lean:13:78: Used `tac1 <;> tac2` where `(tac1; tac2)` would suffice

Note: This linter can be disabled with `set_option linter.unnecessarySeqFocus false`
warning: Hurst/HermiteConditional.lean:45:67: Used `tac1 <;> tac2` where `(tac1; tac2)` would suffice

Note: This linter can be disabled with `set_option linter.unnecessarySeqFocus false`
⚠ [3727/3795] Replayed Hurst.GaussianPolynomialLaw
warning: Hurst/GaussianPolynomialLaw.lean:27:61: Used `tac1 <;> tac2` where `(tac1; tac2)` would suffice

Note: This linter can be disabled with `set_option linter.unnecessarySeqFocus false`
⚠ [3736/3795] Replayed Hurst.GaussianCompleteness
warning: Hurst/GaussianCompleteness.lean:13:74: Used `tac1 <;> tac2` where `(tac1; tac2)` would suffice

Note: This linter can be disabled with `set_option linter.unnecessarySeqFocus false`
⚠ [3743/3795] Replayed Hurst.HilbertDiagonal
warning: Hurst/HilbertDiagonal.lean:17:75: This simp argument is unused:
  inner_smul_right

Hint: Omit it from the simp argument list.
  simp only [̵C̵o̵n̵t̵i̵n̵u̵o̵u̵s̵L̵i̵n̵e̵a̵r̵M̵a̵p̵.̵c̵o̵m̵p̵_̵a̵p̵p̵l̵y̵,̵m̵a̵p̵_̵s̵m̵u̵l̵,̵i̵n̵n̵e̵r̵S̵L̵_̵a̵p̵p̵l̵y̵_̵a̵p̵p̵l̵y̵,̵i̵n̵n̵e̵r̵_̵s̵m̵u̵l̵_̵r̵i̵g̵h̵t̵,̵
  ̵ ̵ ̵ ̵ ̵ ̵ ̵b̵.̵r̵e̵p̵r̵_̵a̵p̵p̵l̵y̵_̵a̵p̵p̵l̵y̵,̵s̵m̵u̵l̵_̵e̵q̵_̵m̵u̵l̵]̵[̲C̲o̲n̲t̲i̲n̲u̲o̲u̲s̲L̲i̲n̲e̲a̲r̲M̲a̲p̲.̲c̲o̲m̲p̲_̲a̲p̲p̲l̲y̲,̲ ̲m̲a̲p̲_̲s̲m̲u̲l̲,̲ ̲i̲n̲n̲e̲r̲S̲L̲_̲a̲p̲p̲l̲y̲_̲a̲p̲p̲l̲y̲,̲ ̲b̲.̲r̲e̲p̲r̲_̲a̲p̲p̲l̲y̲_̲a̲p̲p̲l̲y̲,̲
  ̲ ̲ ̲ ̲ ̲ ̲ ̲s̲m̲u̲l̲_̲e̲q̲_̲m̲u̲l̲]̲

Note: This linter can be disabled with `set_option linter.unusedSimpArgs false`
warning: Hurst/HilbertDiagonal.lean:38:76: This simp argument is unused:
  inner_smul_right

Hint: Omit it from the simp argument list.
  simp only [̵C̵o̵n̵t̵i̵n̵u̵o̵u̵s̵L̵i̵n̵e̵a̵r̵M̵a̵p̵.̵c̵o̵m̵p̵_̵a̵p̵p̵l̵y̵,̵m̵a̵p̵_̵s̵m̵u̵l̵,̵i̵n̵n̵e̵r̵S̵L̵_̵a̵p̵p̵l̵y̵_̵a̵p̵p̵l̵y̵,̵i̵n̵n̵e̵r̵_̵s̵m̵u̵l̵_̵r̵i̵g̵h̵t̵,̵
  ̵ ̵ ̵ ̵ ̵ ̵ ̵ ̵s̵m̵u̵l̵_̵e̵q̵_̵m̵u̵l̵,̵b̵.̵r̵e̵p̵r̵_̵a̵p̵p̵l̵y̵_̵a̵p̵p̵l̵y̵,̵h̵i̵l̵b̵e̵r̵t̵_̵d̵i̵a̵g̵o̵n̵a̵l̵_̵i̵n̵n̵e̵r̵_̵b̵a̵s̵i̵s̵[̲C̲o̲n̲t̲i̲n̲u̲o̲u̲s̲L̲i̲n̲e̲a̲r̲M̲a̲p̲.̲c̲o̲m̲p̲_̲a̲p̲p̲l̲y̲,̲ ̲m̲a̲p̲_̲s̲m̲u̲l̲,̲ ̲i̲n̲n̲e̲r̲S̲L̲_̲a̲p̲p̲l̲y̲_̲a̲p̲p̲l̲y̲,̲ ̲s̲m̲u̲l̲_̲e̲q̲_̲m̲u̲l̲,̲
  ̲ ̲ ̲ ̲ ̲ ̲ ̲ ̲b̲.̲r̲e̲p̲r̲_̲a̲p̲p̲l̲y̲_̲a̲p̲p̲l̲y̲,̲ ̲h̲i̲l̲b̲e̲r̲t̲_̲d̲i̲a̲g̲o̲n̲a̲l̲_̲i̲n̲n̲e̲r̲_̲b̲a̲s̲i̲s̲ b L R d h]

Note: This linter can be disabled with `set_option linter.unusedSimpArgs false`
⚠ [3753/3795] Replayed Hurst.HermitePolynomialTruncation
warning: Hurst/HermitePolynomialTruncation.lean:21:41: `Polynomial.eval_finset_sum` has been deprecated: Use `Polynomial.eval_finsetSum` instead
⚠ [3754/3795] Replayed Hurst.GaussianArrayApproximation
warning: Hurst/GaussianArrayApproximation.lean:32:26: Variable name `hW` is not explicitly referenced.

The binding can be removed (if unused) or named `_` (if used implicitly).

Note: This linter can be disabled with `set_option linter.unusedVariables false`
warning: Hurst/GaussianArrayApproximation.lean:35:8: Variable name `hX` is not explicitly referenced.

The binding can be removed (if unused) or named `_` (if used implicitly).

Note: This linter can be disabled with `set_option linter.unusedVariables false`
⚠ [3757/3795] Replayed Hurst.FeatureConditionalCLT
warning: Hurst/FeatureConditionalCLT.lean:16:82: Used `tac1 <;> tac2` where `(tac1; tac2)` would suffice

Note: This linter can be disabled with `set_option linter.unnecessarySeqFocus false`
⚠ [3758/3795] Replayed Hurst.PowerDifferences
warning: Hurst/PowerDifferences.lean:38:39: This simp argument is unused:
  id_eq

Hint: Omit it from the simp argument list.
  simp only [powerForwardDifference, i̵d̵_̵e̵q̵,̵ ̵mul_one]

Note: This linter can be disabled with `set_option linter.unusedSimpArgs false`
⚠ [3762/3795] Replayed Hurst.FeatureSecondOrder
warning: Hurst/FeatureSecondOrder.lean:11:31: Variable name `hU` is not explicitly referenced.

The binding can be removed (if unused) or named `_` (if used implicitly).

Note: This linter can be disabled with `set_option linter.unusedVariables false`
warning: Hurst/FeatureSecondOrder.lean:11:57: Variable name `hD` is not explicitly referenced.

The binding can be removed (if unused) or named `_` (if used implicitly).

Note: This linter can be disabled with `set_option linter.unusedVariables false`
⚠ [3765/3795] Replayed Hurst.SecondCancellation
warning: Hurst/SecondCancellation.lean:10:47: Variable name `hR` is not explicitly referenced.

The binding can be removed (if unused) or named `_` (if used implicitly).

Note: This linter can be disabled with `set_option linter.unusedVariables false`
warning: Hurst/SecondCancellation.lean:10:60: Variable name `hS` is not explicitly referenced.

The binding can be removed (if unused) or named `_` (if used implicitly).

Note: This linter can be disabled with `set_option linter.unusedVariables false`
warning: Hurst/SecondCancellation.lean:35:44: Variable name `hB` is not explicitly referenced.

The binding can be removed (if unused) or named `_` (if used implicitly).

Note: This linter can be disabled with `set_option linter.unusedVariables false`
warning: Hurst/SecondCancellation.lean:35:57: Variable name `hD` is not explicitly referenced.

The binding can be removed (if unused) or named `_` (if used implicitly).

Note: This linter can be disabled with `set_option linter.unusedVariables false`
warning: Hurst/SecondCancellation.lean:35:70: Variable name `hl` is not explicitly referenced.

The binding can be removed (if unused) or named `_` (if used implicitly).

Note: This linter can be disabled with `set_option linter.unusedVariables false`
⚠ [3766/3795] Replayed Hurst.SecondIncrement
warning: Hurst/SecondIncrement.lean:36:25: Used `tac1 <;> tac2` where `(tac1; tac2)` would suffice

Note: This linter can be disabled with `set_option linter.unnecessarySeqFocus false`
warning: Hurst/SecondIncrement.lean:36:37: Used `tac1 <;> tac2` where `(tac1; tac2)` would suffice

Note: This linter can be disabled with `set_option linter.unnecessarySeqFocus false`
⚠ [3776/3795] Replayed Hurst.CorrelationSums
warning: Hurst/CorrelationSums.lean:68:67: Variable name `hA` is not explicitly referenced.

The binding can be removed (if unused) or named `_` (if used implicitly).

Note: This linter can be disabled with `set_option linter.unusedVariables false`
warning: Hurst/CorrelationSums.lean:68:80: Variable name `he` is not explicitly referenced.

The binding can be removed (if unused) or named `_` (if used implicitly).

Note: This linter can be disabled with `set_option linter.unusedVariables false`
⚠ [3777/3795] Replayed Hurst.SecondCorrelationSums
warning: Hurst/SecondCorrelationSums.lean:26:70: Variable name `hA` is not explicitly referenced.

The binding can be removed (if unused) or named `_` (if used implicitly).

Note: This linter can be disabled with `set_option linter.unusedVariables false`
warning: Hurst/SecondCorrelationSums.lean:26:83: Variable name `he` is not explicitly referenced.

The binding can be removed (if unused) or named `_` (if used implicitly).

Note: This linter can be disabled with `set_option linter.unusedVariables false`
⚠ [3779/3795] Replayed Hurst.StrideDecay
warning: Hurst/StrideDecay.lean:38:2: Used `tac1 <;> tac2` where `(tac1; tac2)` would suffice

Note: This linter can be disabled with `set_option linter.unnecessarySeqFocus false`
warning: Hurst/StrideDecay.lean:77:98: Variable name `hA` is not explicitly referenced.

The binding can be removed (if unused) or named `_` (if used implicitly).

Note: This linter can be disabled with `set_option linter.unusedVariables false`
warning: Hurst/StrideDecay.lean:77:111: Variable name `he` is not explicitly referenced.

The binding can be removed (if unused) or named `_` (if used implicitly).

Note: This linter can be disabled with `set_option linter.unusedVariables false`
⚠ [3787/3820] Replayed Hurst.GridCorrelationDecay
warning: Hurst/GridCorrelationDecay.lean:11:40: Variable name `hn` is not explicitly referenced.

The binding can be removed (if unused) or named `_` (if used implicitly).

Note: This linter can be disabled with `set_option linter.unusedVariables false`
⚠ [3792/3820] Replayed Hurst.HolderSecondIncrement
warning: Hurst/HolderSecondIncrement.lean:12:28: Variable name `hf` is not explicitly referenced.

The binding can be removed (if unused) or named `_` (if used implicitly).

Note: This linter can be disabled with `set_option linter.unusedVariables false`
⚠ [3806/3820] Replayed Hurst.PilotTransfer
warning: Hurst/PilotTransfer.lean:60:4: Used `tac1 <;> tac2` where `(tac1; tac2)` would suffice

Note: This linter can be disabled with `set_option linter.unnecessarySeqFocus false`
⚠ [3812/3820] Replayed Hurst.FirstStrideDecay
warning: Hurst/FirstStrideDecay.lean:37:2: Used `tac1 <;> tac2` where `(tac1; tac2)` would suffice

Note: This linter can be disabled with `set_option linter.unnecessarySeqFocus false`
warning: Hurst/FirstStrideDecay.lean:74:99: Variable name `hA` is not explicitly referenced.

The binding can be removed (if unused) or named `_` (if used implicitly).

Note: This linter can be disabled with `set_option linter.unusedVariables false`
warning: Hurst/FirstStrideDecay.lean:74:112: Variable name `he` is not explicitly referenced.

The binding can be removed (if unused) or named `_` (if used implicitly).

Note: This linter can be disabled with `set_option linter.unusedVariables false`
✔ [3819/3820] Built Hurst.JoinedPilot (7.8s)
✔ [3820/3820] Built Hurst.GeneralFeatureCLT (7.8s)
Build completed successfully (3820 jobs).
