⚠ [3637/3901] Replayed Hurst.GaussianLinearMap
warning: Hurst/GaussianLinearMap.lean:16:2: try 'simp' instead of 'simpa'

Note: This linter can be disabled with `set_option linter.unnecessarySimpa false`
⚠ [3641/3901] Replayed Hurst.GridWhitening
warning: Hurst/GridWhitening.lean:60:2: 'change (WithLp.ofLp (Matrix.toEuclideanCLM (𝕜 := ℝ) (differenceWhiteningMatrix ℓ) x)) i = _' tactic does nothing

Note: This linter can be disabled with `set_option linter.unusedTactic false`
⚠ [3646/3901] Replayed Hurst.GaussianKLMulti
warning: Hurst/GaussianKLMulti.lean:275:10: `ContinuousLinearMap.mul_apply` has been deprecated: Use `mul_apply_eq_comp` instead

Note: The updated constant is in a different namespace. Dot notation may need to be changed (e.g., from `x.mul_apply` to `mul_apply_eq_comp x`).
warning: Hurst/GaussianKLMulti.lean:275:67: `ContinuousLinearMap.one_apply` has been deprecated: Use `one_apply_eq_self` instead

Note: The updated constant is in a different namespace. Dot notation may need to be changed (e.g., from `x.one_apply` to `one_apply_eq_self x`).
warning: Hurst/GaussianKLMulti.lean:289:10: `ContinuousLinearMap.mul_apply` has been deprecated: Use `mul_apply_eq_comp` instead

Note: The updated constant is in a different namespace. Dot notation may need to be changed (e.g., from `x.mul_apply` to `mul_apply_eq_comp x`).
warning: Hurst/GaussianKLMulti.lean:289:67: `ContinuousLinearMap.one_apply` has been deprecated: Use `one_apply_eq_self` instead

Note: The updated constant is in a different namespace. Dot notation may need to be changed (e.g., from `x.one_apply` to `one_apply_eq_self x`).
⚠ [3647/3901] Replayed Hurst.Rates
warning: Hurst/Rates.lean:52:39: Variable name `hL` is not explicitly referenced.

The binding can be removed (if unused) or named `_` (if used implicitly).

Note: This linter can be disabled with `set_option linter.unusedVariables false`
⚠ [3648/3901] Replayed Hurst.GaussianKLBound
warning: Hurst/GaussianKLBound.lean:82:96: Used `tac1 <;> tac2` where `(tac1; tac2)` would suffice

Note: This linter can be disabled with `set_option linter.unnecessarySeqFocus false`
warning: Hurst/GaussianKLBound.lean:83:12: Used `tac1 <;> tac2` where `(tac1; tac2)` would suffice

Note: This linter can be disabled with `set_option linter.unnecessarySeqFocus false`
⚠ [3672/3901] Replayed Hurst.EstimationToTesting
warning: Hurst/EstimationToTesting.lean:86:8: automatically included section variable(s) unused in theorem `_private.Hurst.EstimationToTesting.0.Hurst.exists_measurable_nearestPoint`:
  mΘ
consider restructuring your `variable` declarations so that the variables are not in scope or explicitly omit them:
  omit mΘ in theorem ...

Note: This linter can be disabled with `set_option linter.unusedSectionVars false`
⚠ [3673/3901] Replayed Hurst.KLMixture
warning: Hurst/KLMixture.lean:125:8: `MeasureTheory.lintegral_finset_sum` has been deprecated: Use `MeasureTheory.lintegral_finsetSum` instead
warning: Hurst/KLMixture.lean:126:8: `MeasureTheory.lintegral_finset_sum` has been deprecated: Use `MeasureTheory.lintegral_finsetSum` instead
⚠ [3674/3901] Replayed Hurst.MutualInformation
warning: Hurst/MutualInformation.lean:230:8: `MeasureTheory.lintegral_finset_sum` has been deprecated: Use `MeasureTheory.lintegral_finsetSum` instead
⚠ [3675/3901] Replayed Hurst.FanoLowerBound
warning: Hurst/FanoLowerBound.lean:215:7: `MeasureTheory.integrable_finset_sum` has been deprecated: Use `MeasureTheory.integrable_finsetSum` instead
warning: Hurst/FanoLowerBound.lean:219:26: `MeasureTheory.integral_finset_sum` has been deprecated: Use `MeasureTheory.integral_finsetSum` instead
warning: Hurst/FanoLowerBound.lean:502:11: `MeasureTheory.lintegral_finset_sum` has been deprecated: Use `MeasureTheory.lintegral_finsetSum` instead
warning: Hurst/FanoLowerBound.lean:554:18: Variable name `hq` is not explicitly referenced.

The binding can be removed (if unused) or named `_` (if used implicitly).

Note: This linter can be disabled with `set_option linter.unusedVariables false`
warning: Hurst/FanoLowerBound.lean:772:8: `mul_le_mul_left'` has been deprecated: Use `mul_le_mul_right` instead
ℹ [3688/3901] Replayed Hurst.UniformQuadrature
info: Hurst/UniformQuadrature.lean:60:38: Try this:
  [apply] ring_nf
  
  The `ring` tactic failed to close the goal. Use `ring_nf` to obtain a normal form.
    
  Note that `ring` works primarily in *commutative* rings. If you have a noncommutative ring, abelian group or module, consider using `noncomm_ring`, `abel` or `module` instead.
info: Hurst/UniformQuadrature.lean:60:38: Try this:
  [apply] ring_nf
  
  The `ring` tactic failed to close the goal. Use `ring_nf` to obtain a normal form.
    
  Note that `ring` works primarily in *commutative* rings. If you have a noncommutative ring, abelian group or module, consider using `noncomm_ring`, `abel` or `module` instead.
⚠ [3695/3901] Replayed Hurst.LocalTaylorLeading
warning: Hurst/LocalTaylorLeading.lean:33:4: Used `tac1 <;> tac2` where `(tac1; tac2)` would suffice

Note: This linter can be disabled with `set_option linter.unnecessarySeqFocus false`
warning: Hurst/LocalTaylorLeading.lean:44:2: Used `tac1 <;> tac2` where `(tac1; tac2)` would suffice

Note: This linter can be disabled with `set_option linter.unnecessarySeqFocus false`
⚠ [3698/3901] Replayed Hurst.InteriorDesignLimit
warning: Hurst/InteriorDesignLimit.lean:53:8: `tendsto_finset_sum` has been deprecated: Use `tendsto_finsetSum` instead
⚠ [3700/3901] Replayed Hurst.CalibratedBiasLimit
warning: Hurst/CalibratedBiasLimit.lean:45:6: 'ring' tactic does nothing

Note: This linter can be disabled with `set_option linter.unusedTactic false`
warning: Hurst/CalibratedBiasLimit.lean:45:6: this tactic is never executed

Note: This linter can be disabled with `set_option linter.unreachableTactic false`
⚠ [3713/3901] Replayed Hurst.LinearizedDistribution
info: Hurst/LinearizedDistribution.lean:39:65: Try this:
  [apply] ring_nf
  
  The `ring` tactic failed to close the goal. Use `ring_nf` to obtain a normal form.
    
  Note that `ring` works primarily in *commutative* rings. If you have a noncommutative ring, abelian group or module, consider using `noncomm_ring`, `abel` or `module` instead.
warning: Hurst/LinearizedDistribution.lean:25:54: Used `tac1 <;> tac2` where `(tac1; tac2)` would suffice

Note: This linter can be disabled with `set_option linter.unnecessarySeqFocus false`
warning: Hurst/LinearizedDistribution.lean:39:61: Used `tac1 <;> tac2` where `(tac1; tac2)` would suffice

Note: This linter can be disabled with `set_option linter.unnecessarySeqFocus false`
⚠ [3714/3901] Replayed Hurst.OptimalEstimatorDistribution
warning: Hurst/OptimalEstimatorDistribution.lean:44:6: Used `tac1 <;> tac2` where `(tac1; tac2)` would suffice

Note: This linter can be disabled with `set_option linter.unnecessarySeqFocus false`
⚠ [3725/3901] Replayed Hurst.GaussianPolynomial
warning: Hurst/GaussianPolynomial.lean:16:78: This simp argument is unused:
  mul_add

Hint: Omit it from the simp argument list.
  simp [̵P̵i̵.̵a̵d̵d̵_̵a̵p̵p̵l̵y̵,̵m̵u̵l̵_̵a̵d̵d̵,̵a̵d̵d̵_̵m̵u̵l̵]̵[̲P̲i̲.̲a̲d̲d̲_̲a̲p̲p̲l̲y̲,̲ ̲a̲d̲d̲_̲m̲u̲l̲]̲

Note: This linter can be disabled with `set_option linter.unusedSimpArgs false`
⚠ [3728/3901] Replayed Hurst.GaussianHermite
warning: Hurst/GaussianHermite.lean:36:63: Used `tac1 <;> tac2` where `(tac1; tac2)` would suffice

Note: This linter can be disabled with `set_option linter.unnecessarySeqFocus false`
⚠ [3729/3901] Replayed Hurst.HermiteConditional
warning: Hurst/HermiteConditional.lean:13:78: Used `tac1 <;> tac2` where `(tac1; tac2)` would suffice

Note: This linter can be disabled with `set_option linter.unnecessarySeqFocus false`
warning: Hurst/HermiteConditional.lean:45:67: Used `tac1 <;> tac2` where `(tac1; tac2)` would suffice

Note: This linter can be disabled with `set_option linter.unnecessarySeqFocus false`
⚠ [3730/3901] Replayed Hurst.GaussianPolynomialLaw
warning: Hurst/GaussianPolynomialLaw.lean:27:61: Used `tac1 <;> tac2` where `(tac1; tac2)` would suffice

Note: This linter can be disabled with `set_option linter.unnecessarySeqFocus false`
⚠ [3739/3901] Replayed Hurst.GaussianCompleteness
warning: Hurst/GaussianCompleteness.lean:13:74: Used `tac1 <;> tac2` where `(tac1; tac2)` would suffice

Note: This linter can be disabled with `set_option linter.unnecessarySeqFocus false`
⚠ [3746/3901] Replayed Hurst.HilbertDiagonal
warning: Hurst/HilbertDiagonal.lean:17:75: This simp argument is unused:
  inner_smul_right

Hint: Omit it from the simp argument list.
  simp only [̵C̵o̵n̵t̵i̵n̵u̵o̵u̵s̵L̵i̵n̵e̵a̵r̵M̵a̵p̵.̵c̵o̵m̵p̵_̵a̵p̵p̵l̵y̵,̵m̵a̵p̵_̵s̵m̵u̵l̵,̵i̵n̵n̵e̵r̵S̵L̵_̵a̵p̵p̵l̵y̵_̵a̵p̵p̵l̵y̵,̵i̵n̵n̵e̵r̵_̵s̵m̵u̵l̵_̵r̵i̵g̵h̵t̵,̵
  ̵ ̵ ̵ ̵ ̵ ̵ ̵b̵.̵r̵e̵p̵r̵_̵a̵p̵p̵l̵y̵_̵a̵p̵p̵l̵y̵,̵s̵m̵u̵l̵_̵e̵q̵_̵m̵u̵l̵]̵[̲C̲o̲n̲t̲i̲n̲u̲o̲u̲s̲L̲i̲n̲e̲a̲r̲M̲a̲p̲.̲c̲o̲m̲p̲_̲a̲p̲p̲l̲y̲,̲ ̲m̲a̲p̲_̲s̲m̲u̲l̲,̲ ̲i̲n̲n̲e̲r̲S̲L̲_̲a̲p̲p̲l̲y̲_̲a̲p̲p̲l̲y̲,̲ ̲b̲.̲r̲e̲p̲r̲_̲a̲p̲p̲l̲y̲_̲a̲p̲p̲l̲y̲,̲
  ̲ ̲ ̲ ̲ ̲ ̲ ̲s̲m̲u̲l̲_̲e̲q̲_̲m̲u̲l̲]̲

Note: This linter can be disabled with `set_option linter.unusedSimpArgs false`
warning: Hurst/HilbertDiagonal.lean:38:76: This simp argument is unused:
  inner_smul_right

Hint: Omit it from the simp argument list.
  simp only [̵C̵o̵n̵t̵i̵n̵u̵o̵u̵s̵L̵i̵n̵e̵a̵r̵M̵a̵p̵.̵c̵o̵m̵p̵_̵a̵p̵p̵l̵y̵,̵m̵a̵p̵_̵s̵m̵u̵l̵,̵i̵n̵n̵e̵r̵S̵L̵_̵a̵p̵p̵l̵y̵_̵a̵p̵p̵l̵y̵,̵i̵n̵n̵e̵r̵_̵s̵m̵u̵l̵_̵r̵i̵g̵h̵t̵,̵
  ̵ ̵ ̵ ̵ ̵ ̵ ̵ ̵s̵m̵u̵l̵_̵e̵q̵_̵m̵u̵l̵,̵b̵.̵r̵e̵p̵r̵_̵a̵p̵p̵l̵y̵_̵a̵p̵p̵l̵y̵,̵h̵i̵l̵b̵e̵r̵t̵_̵d̵i̵a̵g̵o̵n̵a̵l̵_̵i̵n̵n̵e̵r̵_̵b̵a̵s̵i̵s̵[̲C̲o̲n̲t̲i̲n̲u̲o̲u̲s̲L̲i̲n̲e̲a̲r̲M̲a̲p̲.̲c̲o̲m̲p̲_̲a̲p̲p̲l̲y̲,̲ ̲m̲a̲p̲_̲s̲m̲u̲l̲,̲ ̲i̲n̲n̲e̲r̲S̲L̲_̲a̲p̲p̲l̲y̲_̲a̲p̲p̲l̲y̲,̲ ̲s̲m̲u̲l̲_̲e̲q̲_̲m̲u̲l̲,̲
  ̲ ̲ ̲ ̲ ̲ ̲ ̲ ̲b̲.̲r̲e̲p̲r̲_̲a̲p̲p̲l̲y̲_̲a̲p̲p̲l̲y̲,̲ ̲h̲i̲l̲b̲e̲r̲t̲_̲d̲i̲a̲g̲o̲n̲a̲l̲_̲i̲n̲n̲e̲r̲_̲b̲a̲s̲i̲s̲ b L R d h]

Note: This linter can be disabled with `set_option linter.unusedSimpArgs false`
⚠ [3756/3901] Replayed Hurst.HermitePolynomialTruncation
warning: Hurst/HermitePolynomialTruncation.lean:21:41: `Polynomial.eval_finset_sum` has been deprecated: Use `Polynomial.eval_finsetSum` instead
⚠ [3757/3901] Replayed Hurst.GaussianArrayApproximation
warning: Hurst/GaussianArrayApproximation.lean:32:26: Variable name `hW` is not explicitly referenced.

The binding can be removed (if unused) or named `_` (if used implicitly).

Note: This linter can be disabled with `set_option linter.unusedVariables false`
warning: Hurst/GaussianArrayApproximation.lean:35:8: Variable name `hX` is not explicitly referenced.

The binding can be removed (if unused) or named `_` (if used implicitly).

Note: This linter can be disabled with `set_option linter.unusedVariables false`
⚠ [3760/3901] Replayed Hurst.FeatureConditionalCLT
warning: Hurst/FeatureConditionalCLT.lean:16:82: Used `tac1 <;> tac2` where `(tac1; tac2)` would suffice

Note: This linter can be disabled with `set_option linter.unnecessarySeqFocus false`
⚠ [3762/3901] Replayed Hurst.PowerDifferences
warning: Hurst/PowerDifferences.lean:38:39: This simp argument is unused:
  id_eq

Hint: Omit it from the simp argument list.
  simp only [powerForwardDifference, i̵d̵_̵e̵q̵,̵ ̵mul_one]

Note: This linter can be disabled with `set_option linter.unusedSimpArgs false`
⚠ [3766/3901] Replayed Hurst.FeatureSecondOrder
warning: Hurst/FeatureSecondOrder.lean:11:31: Variable name `hU` is not explicitly referenced.

The binding can be removed (if unused) or named `_` (if used implicitly).

Note: This linter can be disabled with `set_option linter.unusedVariables false`
warning: Hurst/FeatureSecondOrder.lean:11:57: Variable name `hD` is not explicitly referenced.

The binding can be removed (if unused) or named `_` (if used implicitly).

Note: This linter can be disabled with `set_option linter.unusedVariables false`
⚠ [3769/3901] Replayed Hurst.SecondCancellation
warning: Hurst/SecondCancellation.lean:10:47: Variable name `hR` is not explicitly referenced.

The binding can be removed (if unused) or named `_` (if used implicitly).

Note: This linter can be disabled with `set_option linter.unusedVariables false`
warning: Hurst/SecondCancellation.lean:10:60: Variable name `hS` is not explicitly referenced.

The binding can be removed (if unused) or named `_` (if used implicitly).

Note: This linter can be disabled with `set_option linter.unusedVariables false`
warning: Hurst/SecondCancellation.lean:35:44: Variable name `hB` is not explicitly referenced.

The binding can be removed (if unused) or named `_` (if used implicitly).

Note: This linter can be disabled with `set_option linter.unusedVariables false`
warning: Hurst/SecondCancellation.lean:35:57: Variable name `hD` is not explicitly referenced.

The binding can be removed (if unused) or named `_` (if used implicitly).

Note: This linter can be disabled with `set_option linter.unusedVariables false`
warning: Hurst/SecondCancellation.lean:35:70: Variable name `hl` is not explicitly referenced.

The binding can be removed (if unused) or named `_` (if used implicitly).

Note: This linter can be disabled with `set_option linter.unusedVariables false`
⚠ [3770/3901] Replayed Hurst.SecondIncrement
warning: Hurst/SecondIncrement.lean:36:25: Used `tac1 <;> tac2` where `(tac1; tac2)` would suffice

Note: This linter can be disabled with `set_option linter.unnecessarySeqFocus false`
warning: Hurst/SecondIncrement.lean:36:37: Used `tac1 <;> tac2` where `(tac1; tac2)` would suffice

Note: This linter can be disabled with `set_option linter.unnecessarySeqFocus false`
⚠ [3780/3901] Replayed Hurst.CorrelationSums
warning: Hurst/CorrelationSums.lean:68:67: Variable name `hA` is not explicitly referenced.

The binding can be removed (if unused) or named `_` (if used implicitly).

Note: This linter can be disabled with `set_option linter.unusedVariables false`
warning: Hurst/CorrelationSums.lean:68:80: Variable name `he` is not explicitly referenced.

The binding can be removed (if unused) or named `_` (if used implicitly).

Note: This linter can be disabled with `set_option linter.unusedVariables false`
⚠ [3781/3901] Replayed Hurst.SecondCorrelationSums
warning: Hurst/SecondCorrelationSums.lean:26:70: Variable name `hA` is not explicitly referenced.

The binding can be removed (if unused) or named `_` (if used implicitly).

Note: This linter can be disabled with `set_option linter.unusedVariables false`
warning: Hurst/SecondCorrelationSums.lean:26:83: Variable name `he` is not explicitly referenced.

The binding can be removed (if unused) or named `_` (if used implicitly).

Note: This linter can be disabled with `set_option linter.unusedVariables false`
⚠ [3783/3901] Replayed Hurst.SecondGridDecay
warning: Hurst/SecondGridDecay.lean:10:47: Variable name `hn` is not explicitly referenced.

The binding can be removed (if unused) or named `_` (if used implicitly).

Note: This linter can be disabled with `set_option linter.unusedVariables false`
⚠ [3789/3901] Replayed Hurst.GridCorrelationDecay
warning: Hurst/GridCorrelationDecay.lean:11:40: Variable name `hn` is not explicitly referenced.

The binding can be removed (if unused) or named `_` (if used implicitly).

Note: This linter can be disabled with `set_option linter.unusedVariables false`
⚠ [3795/3901] Replayed Hurst.HolderSecondIncrement
warning: Hurst/HolderSecondIncrement.lean:12:28: Variable name `hf` is not explicitly referenced.

The binding can be removed (if unused) or named `_` (if used implicitly).

Note: This linter can be disabled with `set_option linter.unusedVariables false`
⚠ [3803/3901] Replayed Hurst.FirstStrideDecay
warning: Hurst/FirstStrideDecay.lean:37:2: Used `tac1 <;> tac2` where `(tac1; tac2)` would suffice

Note: This linter can be disabled with `set_option linter.unnecessarySeqFocus false`
warning: Hurst/FirstStrideDecay.lean:74:99: Variable name `hA` is not explicitly referenced.

The binding can be removed (if unused) or named `_` (if used implicitly).

Note: This linter can be disabled with `set_option linter.unusedVariables false`
warning: Hurst/FirstStrideDecay.lean:74:112: Variable name `he` is not explicitly referenced.

The binding can be removed (if unused) or named `_` (if used implicitly).

Note: This linter can be disabled with `set_option linter.unusedVariables false`
⚠ [3810/3901] Replayed Hurst.ClippedLinearization
warning: Hurst/ClippedLinearization.lean:54:4: Used `tac1 <;> tac2` where `(tac1; tac2)` would suffice

Note: This linter can be disabled with `set_option linter.unnecessarySeqFocus false`
⚠ [3813/3901] Replayed Hurst.InverseL1Limit
warning: Hurst/InverseL1Limit.lean:25:87: 'rfl' tactic does nothing

Note: This linter can be disabled with `set_option linter.unusedTactic false`
warning: Hurst/InverseL1Limit.lean:25:87: this tactic is never executed

Note: This linter can be disabled with `set_option linter.unreachableTactic false`
warning: Hurst/InverseL1Limit.lean:25:23: Used `tac1 <;> tac2` where `(tac1; tac2)` would suffice

Note: This linter can be disabled with `set_option linter.unnecessarySeqFocus false`
warning: Hurst/InverseL1Limit.lean:43:4: Used `tac1 <;> tac2` where `(tac1; tac2)` would suffice

Note: This linter can be disabled with `set_option linter.unnecessarySeqFocus false`
⚠ [3820/3901] Replayed Hurst.ActualMeanResidual
warning: Hurst/ActualMeanResidual.lean:43:23: Used `tac1 <;> tac2` where `(tac1; tac2)` would suffice

Note: This linter can be disabled with `set_option linter.unnecessarySeqFocus false`
warning: Hurst/ActualMeanResidual.lean:43:35: Used `tac1 <;> tac2` where `(tac1; tac2)` would suffice

Note: This linter can be disabled with `set_option linter.unnecessarySeqFocus false`
warning: Hurst/ActualMeanResidual.lean:75:37: Used `tac1 <;> tac2` where `(tac1; tac2)` would suffice

Note: This linter can be disabled with `set_option linter.unnecessarySeqFocus false`
warning: Hurst/ActualMeanResidual.lean:75:49: Used `tac1 <;> tac2` where `(tac1; tac2)` would suffice

Note: This linter can be disabled with `set_option linter.unnecessarySeqFocus false`
⚠ [3821/3901] Replayed Hurst.GridBiasRemainderLimit
warning: Hurst/GridBiasRemainderLimit.lean:20:2: Used `tac1 <;> tac2` where `(tac1; tac2)` would suffice

Note: This linter can be disabled with `set_option linter.unnecessarySeqFocus false`
⚠ [3822/3901] Replayed Hurst.ActualMeanLeading
warning: Hurst/ActualMeanLeading.lean:26:24: Used `tac1 <;> tac2` where `(tac1; tac2)` would suffice

Note: This linter can be disabled with `set_option linter.unnecessarySeqFocus false`
⚠ [3824/3901] Replayed Hurst.OptimalBiasBandwidth
warning: Hurst/OptimalBiasBandwidth.lean:41:51: Used `tac1 <;> tac2` where `(tac1; tac2)` would suffice

Note: This linter can be disabled with `set_option linter.unnecessarySeqFocus false`
⚠ [3825/3901] Replayed Hurst.OptimalMeanLeading
warning: Hurst/OptimalMeanLeading.lean:27:89: Used `tac1 <;> tac2` where `(tac1; tac2)` would suffice

Note: This linter can be disabled with `set_option linter.unnecessarySeqFocus false`
⚠ [3829/3901] Replayed Hurst.OptimalLogVariance
warning: Hurst/OptimalLogVariance.lean:56:49: Used `tac1 <;> tac2` where `(tac1; tac2)` would suffice

Note: This linter can be disabled with `set_option linter.unnecessarySeqFocus false`
⚠ [3830/3901] Replayed Hurst.GridMSE
warning: Hurst/GridMSE.lean:33:46: Variable name `hβ` is not explicitly referenced.

The binding can be removed (if unused) or named `_` (if used implicitly).

Note: This linter can be disabled with `set_option linter.unusedVariables false`
warning: Hurst/GridMSE.lean:33:59: Variable name `hD0` is not explicitly referenced.

The binding can be removed (if unused) or named `_` (if used implicitly).

Note: This linter can be disabled with `set_option linter.unusedVariables false`
warning: Hurst/GridMSE.lean:57:106: Used `tac1 <;> tac2` where `(tac1; tac2)` would suffice

Note: This linter can be disabled with `set_option linter.unnecessarySeqFocus false`
warning: Hurst/GridMSE.lean:57:118: Used `tac1 <;> tac2` where `(tac1; tac2)` would suffice

Note: This linter can be disabled with `set_option linter.unnecessarySeqFocus false`
⚠ [3832/3901] Replayed Hurst.FirstEstimatorLinearization
warning: Hurst/FirstEstimatorLinearization.lean:34:23: Used `tac1 <;> tac2` where `(tac1; tac2)` would suffice

Note: This linter can be disabled with `set_option linter.unnecessarySeqFocus false`
⚠ [3834/3901] Replayed Hurst.SecondMSE
warning: Hurst/SecondMSE.lean:34:50: Variable name `hn` is not explicitly referenced.

The binding can be removed (if unused) or named `_` (if used implicitly).

Note: This linter can be disabled with `set_option linter.unusedVariables false`
warning: Hurst/SecondMSE.lean:37:5: Variable name `hβ` is not explicitly referenced.

The binding can be removed (if unused) or named `_` (if used implicitly).

Note: This linter can be disabled with `set_option linter.unusedVariables false`
warning: Hurst/SecondMSE.lean:37:31: Variable name `hD0` is not explicitly referenced.

The binding can be removed (if unused) or named `_` (if used implicitly).

Note: This linter can be disabled with `set_option linter.unusedVariables false`
warning: Hurst/SecondMSE.lean:62:42: Used `tac1 <;> tac2` where `(tac1; tac2)` would suffice

Note: This linter can be disabled with `set_option linter.unnecessarySeqFocus false`
warning: Hurst/SecondMSE.lean:62:54: Used `tac1 <;> tac2` where `(tac1; tac2)` would suffice

Note: This linter can be disabled with `set_option linter.unnecessarySeqFocus false`
⚠ [3835/3901] Replayed Hurst.SmoothCompositeQuadratic
warning: Hurst/SmoothCompositeQuadratic.lean:13:28: Variable name `hf` is not explicitly referenced.

The binding can be removed (if unused) or named `_` (if used implicitly).

Note: This linter can be disabled with `set_option linter.unusedVariables false`
warning: Hurst/SmoothCompositeQuadratic.lean:35:45: This simp argument is unused:
  iteratedDeriv_zero

Hint: Omit it from the simp argument list.
  simp only [taylorJet, Fin.sum_univ_succ, i̵t̵e̵r̵a̵t̵e̵d̵D̵e̵r̵i̵v̵_̵z̵e̵r̵o̵,̵ ̵iteratedDeriv_one]

Note: This linter can be disabled with `set_option linter.unusedSimpArgs false`
warning: Hurst/SmoothCompositeQuadratic.lean:35:65: This simp argument is unused:
  iteratedDeriv_one

Hint: Omit it from the simp argument list.
  simp only [taylorJet, Fin.sum_univ_succ, iteratedDeriv_zero,̵ ̵i̵t̵e̵r̵a̵t̵e̵d̵D̵e̵r̵i̵v̵_̵o̵n̵e̵]

Note: This linter can be disabled with `set_option linter.unusedSimpArgs false`
warning: Hurst/SmoothCompositeQuadratic.lean:57:38: Variable name `hf` is not explicitly referenced.

The binding can be removed (if unused) or named `_` (if used implicitly).

Note: This linter can be disabled with `set_option linter.unusedVariables false`
⚠ [3837/3901] Replayed Hurst.SecondEstimatorLinearization
warning: Hurst/SecondEstimatorLinearization.lean:33:105: Used `tac1 <;> tac2` where `(tac1; tac2)` would suffice

Note: This linter can be disabled with `set_option linter.unnecessarySeqFocus false`
warning: Hurst/SecondEstimatorLinearization.lean:51:57: Used `tac1 <;> tac2` where `(tac1; tac2)` would suffice

Note: This linter can be disabled with `set_option linter.unnecessarySeqFocus false`
⚠ [3839/3901] Replayed Hurst.ActualOptimalCLT
warning: Hurst/ActualOptimalCLT.lean:56:23: Used `tac1 <;> tac2` where `(tac1; tac2)` would suffice

Note: This linter can be disabled with `set_option linter.unnecessarySeqFocus false`
warning: Hurst/ActualOptimalCLT.lean:66:21: Used `tac1 <;> tac2` where `(tac1; tac2)` would suffice

Note: This linter can be disabled with `set_option linter.unnecessarySeqFocus false`
warning: Hurst/ActualOptimalCLT.lean:108:105: Used `tac1 <;> tac2` where `(tac1; tac2)` would suffice

Note: This linter can be disabled with `set_option linter.unnecessarySeqFocus false`
warning: Hurst/ActualOptimalCLT.lean:120:21: Used `tac1 <;> tac2` where `(tac1; tac2)` would suffice

Note: This linter can be disabled with `set_option linter.unnecessarySeqFocus false`
⚠ [3840/3901] Replayed Hurst.OracleScaleL1
warning: Hurst/OracleScaleL1.lean:45:39: 'ring' tactic does nothing

Note: This linter can be disabled with `set_option linter.unusedTactic false`
warning: Hurst/OracleScaleL1.lean:45:39: this tactic is never executed

Note: This linter can be disabled with `set_option linter.unreachableTactic false`
⚠ [3843/3901] Replayed Hurst.ExpectedInverseLimit
info: Hurst/ExpectedInverseLimit.lean:25:78: Try this:
  [apply] ring_nf
  
  The `ring` tactic failed to close the goal. Use `ring_nf` to obtain a normal form.
    
  Note that `ring` works primarily in *commutative* rings. If you have a noncommutative ring, abelian group or module, consider using `noncomm_ring`, `abel` or `module` instead.
info: Hurst/ExpectedInverseLimit.lean:52:4: Try this:
  [apply] ring_nf
  
  The `ring` tactic failed to close the goal. Use `ring_nf` to obtain a normal form.
    
  Note that `ring` works primarily in *commutative* rings. If you have a noncommutative ring, abelian group or module, consider using `noncomm_ring`, `abel` or `module` instead.
warning: Hurst/ExpectedInverseLimit.lean:29:87: 'rfl' tactic does nothing

Note: This linter can be disabled with `set_option linter.unusedTactic false`
warning: Hurst/ExpectedInverseLimit.lean:29:87: this tactic is never executed

Note: This linter can be disabled with `set_option linter.unreachableTactic false`
warning: Hurst/ExpectedInverseLimit.lean:29:23: Used `tac1 <;> tac2` where `(tac1; tac2)` would suffice

Note: This linter can be disabled with `set_option linter.unnecessarySeqFocus false`
warning: Hurst/ExpectedInverseLimit.lean:45:4: Used `tac1 <;> tac2` where `(tac1; tac2)` would suffice

Note: This linter can be disabled with `set_option linter.unnecessarySeqFocus false`
⚠ [3844/3901] Replayed Hurst.FirstEstimatorBias
warning: Hurst/FirstEstimatorBias.lean:32:23: Used `tac1 <;> tac2` where `(tac1; tac2)` would suffice

Note: This linter can be disabled with `set_option linter.unnecessarySeqFocus false`
⚠ [3848/3901] Replayed Hurst.PilotTransfer
warning: Hurst/PilotTransfer.lean:60:4: Used `tac1 <;> tac2` where `(tac1; tac2)` would suffice

Note: This linter can be disabled with `set_option linter.unnecessarySeqFocus false`
⚠ [3849/3901] Replayed Hurst.StrideDecay
warning: Hurst/StrideDecay.lean:38:2: Used `tac1 <;> tac2` where `(tac1; tac2)` would suffice

Note: This linter can be disabled with `set_option linter.unnecessarySeqFocus false`
warning: Hurst/StrideDecay.lean:77:98: Variable name `hA` is not explicitly referenced.

The binding can be removed (if unused) or named `_` (if used implicitly).

Note: This linter can be disabled with `set_option linter.unusedVariables false`
warning: Hurst/StrideDecay.lean:77:111: Variable name `he` is not explicitly referenced.

The binding can be removed (if unused) or named `_` (if used implicitly).

Note: This linter can be disabled with `set_option linter.unusedVariables false`
⚠ [3863/3901] Replayed Hurst.ScaleAverage
warning: Hurst/ScaleAverage.lean:47:2: Used `tac1 <;> tac2` where `(tac1; tac2)` would suffice

Note: This linter can be disabled with `set_option linter.unnecessarySeqFocus false`
⚠ [3876/3901] Replayed Hurst.ScaleBandwidth
info: Hurst/ScaleBandwidth.lean:35:27: Try this:
  [apply] ring_nf
  
  The `ring` tactic failed to close the goal. Use `ring_nf` to obtain a normal form.
    
  Note that `ring` works primarily in *commutative* rings. If you have a noncommutative ring, abelian group or module, consider using `noncomm_ring`, `abel` or `module` instead.
warning: Hurst/ScaleBandwidth.lean:42:8: 'ring' tactic does nothing

Note: This linter can be disabled with `set_option linter.unusedTactic false`
warning: Hurst/ScaleBandwidth.lean:42:8: this tactic is never executed

Note: This linter can be disabled with `set_option linter.unreachableTactic false`
warning: Hurst/ScaleBandwidth.lean:35:23: Used `tac1 <;> tac2` where `(tac1; tac2)` would suffice

Note: This linter can be disabled with `set_option linter.unnecessarySeqFocus false`
⚠ [3877/3901] Replayed Hurst.FirstUnknownConditionalBias
warning: Hurst/FirstUnknownConditionalBias.lean:42:53: Used `tac1 <;> tac2` where `(tac1; tac2)` would suffice

Note: This linter can be disabled with `set_option linter.unnecessarySeqFocus false`
⚠ [3878/3901] Replayed Hurst.SecondEstimatorBias
warning: Hurst/SecondEstimatorBias.lean:31:105: Used `tac1 <;> tac2` where `(tac1; tac2)` would suffice

Note: This linter can be disabled with `set_option linter.unnecessarySeqFocus false`
warning: Hurst/SecondEstimatorBias.lean:49:57: Used `tac1 <;> tac2` where `(tac1; tac2)` would suffice

Note: This linter can be disabled with `set_option linter.unnecessarySeqFocus false`
⚠ [3880/3901] Replayed Hurst.SecondUnknownConditionalBias
warning: Hurst/SecondUnknownConditionalBias.lean:44:53: Used `tac1 <;> tac2` where `(tac1; tac2)` would suffice

Note: This linter can be disabled with `set_option linter.unnecessarySeqFocus false`
⚠ [3881/3901] Replayed Hurst.ActualUnknownConditionalLimits
warning: Hurst/ActualUnknownConditionalLimits.lean:52:53: Used `tac1 <;> tac2` where `(tac1; tac2)` would suffice

Note: This linter can be disabled with `set_option linter.unnecessarySeqFocus false`
warning: Hurst/ActualUnknownConditionalLimits.lean:58:34: Variable name `htu` is not explicitly referenced.

The binding can be removed (if unused) or named `_` (if used implicitly).

Note: This linter can be disabled with `set_option linter.unusedVariables false`
warning: Hurst/ActualUnknownConditionalLimits.lean:99:53: Used `tac1 <;> tac2` where `(tac1; tac2)` would suffice

Note: This linter can be disabled with `set_option linter.unnecessarySeqFocus false`
⚠ [3884/3901] Replayed Hurst.FirstScaleAlgebra
warning: Hurst/FirstScaleAlgebra.lean:29:4: Used `tac1 <;> tac2` where `(tac1; tac2)` would suffice

Note: This linter can be disabled with `set_option linter.unnecessarySeqFocus false`
⚠ [3885/3901] Replayed Hurst.FirstScaleBias
warning: Hurst/FirstScaleBias.lean:57:4: 'norm_num only [Nat.cast_ofNat]' tactic does nothing

Note: This linter can be disabled with `set_option linter.unusedTactic false`
✔ [3900/3901] Built Hurst.ActualPilotCLT (3.1s)
✔ [3901/3901] Built Hurst.AllScaleShortMainline (3.1s)
Build completed successfully (3901 jobs).
